Archive member included to satisfy reference by file (symbol)

../libs/lib_mmcau.a(mmcau_aes_functions.o)
                              ./mmcau_common/fsl_mmcau.o (mmcau_aes_set_key)
../libs/lib_mmcau.a(mmcau_des_functions.o)
                              ./mmcau_common/fsl_mmcau.o (mmcau_des_chk_parity)
../libs/lib_mmcau.a(mmcau_md5_functions.o)
                              ./mmcau_common/fsl_mmcau.o (mmcau_md5_initialize_output)
../libs/lib_mmcau.a(mmcau_sha1_functions.o)
                              ./mmcau_common/fsl_mmcau.o (mmcau_sha1_initialize_output)
../libs/lib_mmcau.a(mmcau_sha256_functions.o)
                              ./mmcau_common/fsl_mmcau.o (mmcau_sha256_initialize_output)
/usr/local/mcuxpressoide-11.3.0_5222/ide/plugins/com.nxp.mcuxpresso.tools.linux_11.3.0.202011031536/tools/bin/../lib/gcc/arm-none-eabi/9.3.1/thumb/v7e-m+fp/hard/libgcc.a(_aeabi_ldivmod.o)
                              ./Generated_Code/UTIL1.o (__aeabi_ldivmod)
/usr/local/mcuxpressoide-11.3.0_5222/ide/plugins/com.nxp.mcuxpresso.tools.linux_11.3.0.202011031536/tools/bin/../lib/gcc/arm-none-eabi/9.3.1/thumb/v7e-m+fp/hard/libgcc.a(_aeabi_uldivmod.o)
                              ./mbedtls/library/bignum.o (__aeabi_uldivmod)
/usr/local/mcuxpressoide-11.3.0_5222/ide/plugins/com.nxp.mcuxpresso.tools.linux_11.3.0.202011031536/tools/bin/../lib/gcc/arm-none-eabi/9.3.1/thumb/v7e-m+fp/hard/libgcc.a(_udivmoddi4.o)
                              /usr/local/mcuxpressoide-11.3.0_5222/ide/plugins/com.nxp.mcuxpresso.tools.linux_11.3.0.202011031536/tools/bin/../lib/gcc/arm-none-eabi/9.3.1/thumb/v7e-m+fp/hard/libgcc.a(_aeabi_ldivmod.o) (__udivmoddi4)
/usr/local/mcuxpressoide-11.3.0_5222/ide/plugins/com.nxp.mcuxpresso.tools.linux_11.3.0.202011031536/tools/bin/../lib/gcc/arm-none-eabi/9.3.1/thumb/v7e-m+fp/hard/libgcc.a(_dvmd_tls.o)
                              /usr/local/mcuxpressoide-11.3.0_5222/ide/plugins/com.nxp.mcuxpresso.tools.linux_11.3.0.202011031536/tools/bin/../lib/gcc/arm-none-eabi/9.3.1/thumb/v7e-m+fp/hard/libgcc.a(_aeabi_ldivmod.o) (__aeabi_ldiv0)
/usr/local/mcuxpressoide-11.3.0_5222/ide/plugins/com.nxp.mcuxpresso.tools.linux_11.3.0.202011031536/tools/bin/../lib/gcc/arm-none-eabi/9.3.1/../../../../arm-none-eabi/lib/thumb/v7e-m+fp/hard/libc.a(lib_a-calloc.o)
                              ./mbedtls/library/asn1parse.o (calloc)
/usr/local/mcuxpressoide-11.3.0_5222/ide/plugins/com.nxp.mcuxpresso.tools.linux_11.3.0.202011031536/tools/bin/../lib/gcc/arm-none-eabi/9.3.1/../../../../arm-none-eabi/lib/thumb/v7e-m+fp/hard/libc.a(lib_a-callocr.o)
                              /usr/local/mcuxpressoide-11.3.0_5222/ide/plugins/com.nxp.mcuxpresso.tools.linux_11.3.0.202011031536/tools/bin/../lib/gcc/arm-none-eabi/9.3.1/../../../../arm-none-eabi/lib/thumb/v7e-m+fp/hard/libc.a(lib_a-calloc.o) (_calloc_r)
/usr/local/mcuxpressoide-11.3.0_5222/ide/plugins/com.nxp.mcuxpresso.tools.linux_11.3.0.202011031536/tools/bin/../lib/gcc/arm-none-eabi/9.3.1/../../../../arm-none-eabi/lib/thumb/v7e-m+fp/hard/libc.a(lib_a-impure.o)
                              ./source/lwip_mqtt.o (_impure_ptr)
/usr/local/mcuxpressoide-11.3.0_5222/ide/plugins/com.nxp.mcuxpresso.tools.linux_11.3.0.202011031536/tools/bin/../lib/gcc/arm-none-eabi/9.3.1/../../../../arm-none-eabi/lib/thumb/v7e-m+fp/hard/libc.a(lib_a-malloc.o)
                              ./Generated_Code/heap_useNewlib.o (malloc)
/usr/local/mcuxpressoide-11.3.0_5222/ide/plugins/com.nxp.mcuxpresso.tools.linux_11.3.0.202011031536/tools/bin/../lib/gcc/arm-none-eabi/9.3.1/../../../../arm-none-eabi/lib/thumb/v7e-m+fp/hard/libc.a(lib_a-mallocr.o)
                              /usr/local/mcuxpressoide-11.3.0_5222/ide/plugins/com.nxp.mcuxpresso.tools.linux_11.3.0.202011031536/tools/bin/../lib/gcc/arm-none-eabi/9.3.1/../../../../arm-none-eabi/lib/thumb/v7e-m+fp/hard/libc.a(lib_a-callocr.o) (_malloc_r)
/usr/local/mcuxpressoide-11.3.0_5222/ide/plugins/com.nxp.mcuxpresso.tools.linux_11.3.0.202011031536/tools/bin/../lib/gcc/arm-none-eabi/9.3.1/../../../../arm-none-eabi/lib/thumb/v7e-m+fp/hard/libc.a(lib_a-memcmp.o)
                              ./mbedtls/library/aes.o (memcmp)
/usr/local/mcuxpressoide-11.3.0_5222/ide/plugins/com.nxp.mcuxpresso.tools.linux_11.3.0.202011031536/tools/bin/../lib/gcc/arm-none-eabi/9.3.1/../../../../arm-none-eabi/lib/thumb/v7e-m+fp/hard/libc.a(lib_a-memcpy.o)
                              ./mbedtls/library/aes.o (memcpy)
/usr/local/mcuxpressoide-11.3.0_5222/ide/plugins/com.nxp.mcuxpresso.tools.linux_11.3.0.202011031536/tools/bin/../lib/gcc/arm-none-eabi/9.3.1/../../../../arm-none-eabi/lib/thumb/v7e-m+fp/hard/libc.a(lib_a-memmove.o)
                              ./mbedtls/library/ssl_tls.o (memmove)
/usr/local/mcuxpressoide-11.3.0_5222/ide/plugins/com.nxp.mcuxpresso.tools.linux_11.3.0.202011031536/tools/bin/../lib/gcc/arm-none-eabi/9.3.1/../../../../arm-none-eabi/lib/thumb/v7e-m+fp/hard/libc.a(lib_a-memset.o)
                              ./source/lwip_mqtt.o (memset)
[...]
Memory Configuration

Name             Origin             Length             Attributes
PROGRAM_FLASH    0x0000000000000000 0x0000000000100000 xr
SRAM_UPPER       0x0000000020000000 0x0000000000030000 xrw
SRAM_LOWER       0x000000001fff0000 0x0000000000010000 xrw
FLEX_RAM         0x0000000014000000 0x0000000000001000 xrw
*default*        0x0000000000000000 0xffffffffffffffff

Linker script and memory map

                0x0000000000000001                __ram_vector_table__ = 0x1
LOAD ./startup/startup_mk64f12.o
LOAD ./source/Console.o
LOAD ./source/Shell.o
LOAD ./source/app_accel.o
LOAD ./source/app_dhcp.o
LOAD ./source/app_sntp.o
LOAD ./source/certificate.o
LOAD ./source/gcov_init.o
LOAD ./source/lwip_mqtt.o
LOAD ./source/mqtt.o
LOAD ./source/net.o
LOAD ./mmcau_common/fsl_mmcau.o
LOAD ./mbedtls/port/ksdk/ksdk_mbedtls.o
LOAD ./mbedtls/library/aes.o
LOAD ./mbedtls/library/aesni.o
LOAD ./mbedtls/library/arc4.o
LOAD ./mbedtls/library/asn1parse.o
LOAD ./mbedtls/library/asn1write.o
LOAD ./mbedtls/library/base64.o
LOAD ./mbedtls/library/bignum.o
LOAD ./mbedtls/library/blowfish.o
LOAD ./mbedtls/library/camellia.o
LOAD ./mbedtls/library/ccm.o
LOAD ./mbedtls/library/certs.o
LOAD ./mbedtls/library/cipher.o
LOAD ./mbedtls/library/cipher_wrap.o
LOAD ./mbedtls/library/ctr_drbg.o
LOAD ./mbedtls/library/debug.o
LOAD ./mbedtls/library/des.o
LOAD ./mbedtls/library/dhm.o
LOAD ./mbedtls/library/ecdh.o
LOAD ./mbedtls/library/ecdsa.o
LOAD ./mbedtls/library/ecjpake.o
LOAD ./mbedtls/library/ecp.o
LOAD ./mbedtls/library/ecp_curves.o
LOAD ./mbedtls/library/entropy.o
LOAD ./mbedtls/library/entropy_poll.o
LOAD ./mbedtls/library/error.o
LOAD ./mbedtls/library/gcm.o
LOAD ./mbedtls/library/havege.o
LOAD ./mbedtls/library/hmac_drbg.o
LOAD ./mbedtls/library/md.o
LOAD ./mbedtls/library/md2.o
LOAD ./mbedtls/library/md4.o
LOAD ./mbedtls/library/md5.o
LOAD ./mbedtls/library/md_wrap.o
LOAD ./mbedtls/library/memory_buffer_alloc.o
LOAD ./mbedtls/library/oid.o
LOAD ./mbedtls/library/padlock.o
LOAD ./mbedtls/library/pem.o
LOAD ./mbedtls/library/pk.o
LOAD ./mbedtls/library/pk_wrap.o
LOAD ./mbedtls/library/pkcs11.o
LOAD ./mbedtls/library/pkcs12.o
LOAD ./mbedtls/library/pkcs5.o
LOAD ./mbedtls/library/pkparse.o
LOAD ./mbedtls/library/pkwrite.o
LOAD ./mbedtls/library/platform.o
LOAD ./mbedtls/library/ripemd160.o
LOAD ./mbedtls/library/rsa.o
LOAD ./mbedtls/library/sha1.o
LOAD ./mbedtls/library/sha256.o
LOAD ./mbedtls/library/sha512.o
LOAD ./mbedtls/library/ssl_cache.o
LOAD ./mbedtls/library/ssl_ciphersuites.o
LOAD ./mbedtls/library/ssl_cli.o
LOAD ./mbedtls/library/ssl_cookie.o
LOAD ./mbedtls/library/ssl_srv.o
LOAD ./mbedtls/library/ssl_ticket.o
LOAD ./mbedtls/library/ssl_tls.o
LOAD ./mbedtls/library/threading.o
LOAD ./mbedtls/library/timing.o
LOAD ./mbedtls/library/version.o
LOAD ./mbedtls/library/version_features.o
LOAD ./mbedtls/library/x509.o
LOAD ./mbedtls/library/x509_create.o
LOAD ./mbedtls/library/x509_crl.o
LOAD ./mbedtls/library/x509_crt.o
LOAD ./mbedtls/library/x509_csr.o
LOAD ./mbedtls/library/x509write_crt.o
LOAD ./mbedtls/library/x509write_csr.o
LOAD ./mbedtls/library/xtea.o
LOAD ./lwip/src/netif/ppp/auth.o
LOAD ./lwip/src/netif/ppp/ccp.o
LOAD ./lwip/src/netif/ppp/chap-md5.o
LOAD ./lwip/src/netif/ppp/chap-new.o
LOAD ./lwip/src/netif/ppp/chap_ms.o
LOAD ./lwip/src/netif/ppp/demand.o
LOAD ./lwip/src/netif/ppp/eap.o
LOAD ./lwip/src/netif/ppp/eui64.o
LOAD ./lwip/src/netif/ppp/fsm.o
LOAD ./lwip/src/netif/ppp/ipcp.o
LOAD ./lwip/src/netif/ppp/ipv6cp.o
LOAD ./lwip/src/netif/ppp/lcp.o
LOAD ./lwip/src/netif/ppp/lwip_ecp.o
LOAD ./lwip/src/netif/ppp/magic.o
LOAD ./lwip/src/netif/ppp/mppe.o
LOAD ./lwip/src/netif/ppp/multilink.o
LOAD ./lwip/src/netif/ppp/ppp.o
LOAD ./lwip/src/netif/ppp/pppapi.o
LOAD ./lwip/src/netif/ppp/pppcrypt.o
LOAD ./lwip/src/netif/ppp/pppoe.o
LOAD ./lwip/src/netif/ppp/pppol2tp.o
LOAD ./lwip/src/netif/ppp/pppos.o
LOAD ./lwip/src/netif/ppp/upap.o
LOAD ./lwip/src/netif/ppp/utils.o
LOAD ./lwip/src/netif/ppp/vj.o
LOAD ./lwip/src/netif/ethernet.o
LOAD ./lwip/src/netif/lowpan6.o
LOAD ./lwip/src/netif/slipif.o
LOAD ./lwip/src/core/ipv6/dhcp6.o
LOAD ./lwip/src/core/ipv6/ethip6.o
LOAD ./lwip/src/core/ipv6/icmp6.o
LOAD ./lwip/src/core/ipv6/inet6.o
LOAD ./lwip/src/core/ipv6/ip6.o
LOAD ./lwip/src/core/ipv6/ip6_addr.o
LOAD ./lwip/src/core/ipv6/ip6_frag.o
LOAD ./lwip/src/core/ipv6/mld6.o
LOAD ./lwip/src/core/ipv6/nd6.o
LOAD ./lwip/src/core/ipv4/autoip.o
LOAD ./lwip/src/core/ipv4/dhcp.o
LOAD ./lwip/src/core/ipv4/etharp.o
LOAD ./lwip/src/core/ipv4/icmp.o
LOAD ./lwip/src/core/ipv4/igmp.o
LOAD ./lwip/src/core/ipv4/ip4.o
LOAD ./lwip/src/core/ipv4/ip4_addr.o
LOAD ./lwip/src/core/ipv4/ip4_frag.o
LOAD ./lwip/src/core/def.o
LOAD ./lwip/src/core/dns.o
LOAD ./lwip/src/core/inet_chksum.o
LOAD ./lwip/src/core/init.o
LOAD ./lwip/src/core/ip.o
LOAD ./lwip/src/core/mem.o
LOAD ./lwip/src/core/memp.o
LOAD ./lwip/src/core/netif.o
LOAD ./lwip/src/core/pbuf.o
LOAD ./lwip/src/core/raw.o
LOAD ./lwip/src/core/stats.o
LOAD ./lwip/src/core/sys.o
LOAD ./lwip/src/core/tcp.o
LOAD ./lwip/src/core/tcp_in.o
LOAD ./lwip/src/core/tcp_out.o
LOAD ./lwip/src/core/timeouts.o
LOAD ./lwip/src/core/udp.o
LOAD ./lwip/src/api/api_lib.o
LOAD ./lwip/src/api/api_msg.o
LOAD ./lwip/src/api/err.o
LOAD ./lwip/src/api/netbuf.o
LOAD ./lwip/src/api/netdb.o
LOAD ./lwip/src/api/netifapi.o
LOAD ./lwip/src/api/sockets.o
LOAD ./lwip/src/api/tcpip.o
LOAD ./lwip/port/ethernetif.o
LOAD ./lwip/port/sys_arch.o
LOAD ./lwip/contrib/apps/ping/ping.o
LOAD ./drivers/fsl_clock.o
LOAD ./drivers/fsl_common.o
LOAD ./drivers/fsl_enet.o
LOAD ./drivers/fsl_flash.o
LOAD ./drivers/fsl_gpio.o
LOAD ./drivers/fsl_rnga.o
LOAD ./drivers/fsl_sim.o
LOAD ./drivers/fsl_smc.o
LOAD ./drivers/fsl_uart.o
LOAD ./board/board.o
LOAD ./board/clock_config.o
LOAD ./board/fsl_phy.o
LOAD ./board/pin_mux.o
LOAD ./Generated_Code/CLS1.o
LOAD ./Generated_Code/CS1.o
LOAD ./Generated_Code/ConsoleRx.o
LOAD ./Generated_Code/FRTOS1.o
LOAD ./Generated_Code/FX1.o
LOAD ./Generated_Code/GI2C1.o
LOAD ./Generated_Code/I2C1.o
LOAD ./Generated_Code/LED1.o
LOAD ./Generated_Code/LED2.o
LOAD ./Generated_Code/LED3.o
LOAD ./Generated_Code/LEDpin1.o
LOAD ./Generated_Code/LEDpin2.o
LOAD ./Generated_Code/LEDpin3.o
LOAD ./Generated_Code/MCUC1.o
LOAD ./Generated_Code/PTRC1.o
LOAD ./Generated_Code/RNG1.o
LOAD ./Generated_Code/RTT1.o
LOAD ./Generated_Code/RTT_Syscalls_GCC.o
LOAD ./Generated_Code/SCL1.o
LOAD ./Generated_Code/SDA1.o
LOAD ./Generated_Code/SEGGER_RTT.o
LOAD ./Generated_Code/SEGGER_RTT_printf.o
LOAD ./Generated_Code/SEGGER_SYSVIEW.o
LOAD ./Generated_Code/SEGGER_SYSVIEW_Config.o
LOAD ./Generated_Code/SEGGER_SYSVIEW_FreeRTOS.o
LOAD ./Generated_Code/SYS1.o
LOAD ./Generated_Code/TmDt1.o
LOAD ./Generated_Code/UTIL1.o
LOAD ./Generated_Code/WAIT1.o
LOAD ./Generated_Code/XF1.o
LOAD ./Generated_Code/croutine.o
LOAD ./Generated_Code/event_groups.o
LOAD ./Generated_Code/heap_1.o
LOAD ./Generated_Code/heap_2.o
LOAD ./Generated_Code/heap_3.o
LOAD ./Generated_Code/heap_4.o
LOAD ./Generated_Code/heap_5.o
LOAD ./Generated_Code/heap_useNewlib.o
LOAD ./Generated_Code/list.o
LOAD ./Generated_Code/mpu_wrappers.o
LOAD ./Generated_Code/port.o
LOAD ./Generated_Code/portasm.o
LOAD ./Generated_Code/queue.o
LOAD ./Generated_Code/tasks.o
LOAD ./Generated_Code/timers.o
LOAD ./Generated_Code/trcKernelPort.o
LOAD ./Generated_Code/trcSnapshotRecorder.o
LOAD ./Generated_Code/trcStreamingRecorder.o
LOAD ./CMSIS/system_MK64F12.o
LOAD ../libs/lib_mmcau.a
LOAD /usr/local/mcuxpressoide-11.3.0_5222/ide/plugins/com.nxp.mcuxpresso.tools.linux_11.3.0.202011031536/tools/bin/../lib/gcc/arm-none-eabi/9.3.1/thumb/v7e-m+fp/hard/libgcov.a
                0x0000000000010000                HEAP_SIZE = 0x10000
                0x0000000000010000                HEAP_SIZE = 0x10000
START GROUP
LOAD /usr/local/mcuxpressoide-11.3.0_5222/ide/plugins/com.nxp.mcuxpresso.tools.linux_11.3.0.202011031536/tools/bin/../lib/gcc/arm-none-eabi/9.3.1/thumb/v7e-m+fp/hard/libgcc.a
LOAD /usr/local/mcuxpressoide-11.3.0_5222/ide/plugins/com.nxp.mcuxpresso.tools.linux_11.3.0.202011031536/tools/bin/../lib/gcc/arm-none-eabi/9.3.1/../../../../arm-none-eabi/lib/thumb/v7e-m+fp/hard/libc.a
LOAD /usr/local/mcuxpressoide-11.3.0_5222/ide/plugins/com.nxp.mcuxpresso.tools.linux_11.3.0.202011031536/tools/bin/../lib/gcc/arm-none-eabi/9.3.1/../../../../arm-none-eabi/lib/thumb/v7e-m+fp/hard/libm.a
LOAD /usr/local/mcuxpressoide-11.3.0_5222/ide/plugins/com.nxp.mcuxpresso.tools.linux_11.3.0.202011031536/tools/bin/../lib/gcc/arm-none-eabi/9.3.1/../../../../arm-none-eabi/lib/thumb/v7e-m+fp/hard/libcr_newlib_semihost.a
END GROUP
                0x0000000000010000                HEAP_SIZE = 0x10000
                0x0000000000000000                __base_PROGRAM_FLASH = 0x0
                0x0000000000000000                __base_Flash = 0x0
                0x0000000000100000                __top_PROGRAM_FLASH = 0x100000
                0x0000000000100000                __top_Flash = 0x100000
                0x0000000020000000                __base_SRAM_UPPER = 0x20000000
                0x0000000020000000                __base_RAM = 0x20000000
                0x0000000020030000                __top_SRAM_UPPER = 0x20030000
                0x0000000020030000                __top_RAM = 0x20030000
                0x000000001fff0000                __base_SRAM_LOWER = 0x1fff0000
                0x000000001fff0000                __base_RAM2 = 0x1fff0000
                0x0000000020000000                __top_SRAM_LOWER = 0x20000000
                0x0000000020000000                __top_RAM2 = 0x20000000
                0x0000000014000000                __base_FLEX_RAM = 0x14000000
                0x0000000014000000                __base_RAM3 = 0x14000000
                0x0000000014001000                __top_FLEX_RAM = 0x14001000
                0x0000000014001000                __top_RAM3 = 0x14001000

.text           0x0000000000000000    0x62138
 FILL mask 0xff
                0x0000000000000000                __vectors_start__ = ABSOLUTE (.)
 *(.isr_vector)
 .isr_vector    0x0000000000000000      0x198 ./startup/startup_mk64f12.o
                0x0000000000000000                __Vectors
                0x0000000000000000                g_pfnVectors
                0x0000000000000198                . = ALIGN (0x4)
                0x0000000000000198                __section_table_start = .
                0x0000000000000198                __data_section_table = .
                0x0000000000000198        0x4 LONG 0x62140 LOADADDR (.data)
                0x000000000000019c        0x4 LONG 0x20000000 ADDR (.data)
                0x00000000000001a0        0x4 LONG 0xdb0 SIZEOF (.data)
                0x00000000000001a4        0x4 LONG 0x62140 LOADADDR (.data_RAM2)
                0x00000000000001a8        0x4 LONG 0x1fff0000 ADDR (.data_RAM2)
                0x00000000000001ac        0x4 LONG 0x0 SIZEOF (.data_RAM2)
                0x00000000000001b0        0x4 LONG 0x62140 LOADADDR (.data_RAM3)
                0x00000000000001b4        0x4 LONG 0x14000000 ADDR (.data_RAM3)
                0x00000000000001b8        0x4 LONG 0x0 SIZEOF (.data_RAM3)
                0x00000000000001bc                __data_section_table_end = .
                0x00000000000001bc                __bss_section_table = .
                0x00000000000001bc        0x4 LONG 0x20000db0 ADDR (.bss)
                0x00000000000001c0        0x4 LONG 0xfeb0 SIZEOF (.bss)
                0x00000000000001c4        0x4 LONG 0x1fff0000 ADDR (.bss_RAM2)
                0x00000000000001c8        0x4 LONG 0x0 SIZEOF (.bss_RAM2)
                0x00000000000001cc        0x4 LONG 0x14000000 ADDR (.bss_RAM3)
                0x00000000000001d0        0x4 LONG 0x0 SIZEOF (.bss_RAM3)
                0x00000000000001d4                __bss_section_table_end = .
                0x00000000000001d4                __section_table_end = .
 *(.after_vectors*)
 .after_vectors.init_data
                0x00000000000001d4       0x1e ./startup/startup_mk64f12.o
                0x00000000000001d4                data_init
 .after_vectors.init_bss
                0x00000000000001f2       0x12 ./startup/startup_mk64f12.o
                0x00000000000001f2                bss_init
 .after_vectors.reset
                0x0000000000000204       0x4c ./startup/startup_mk64f12.o
                0x0000000000000204                ResetISR
 .after_vectors
                0x0000000000000250       0x14 ./startup/startup_mk64f12.o
                0x0000000000000250                NMI_Handler
                0x0000000000000252                HardFault_Handler
                0x0000000000000254                MemManage_Handler
                0x0000000000000256                BusFault_Handler
                0x0000000000000258                UsageFault_Handler
                0x000000000000025c                DebugMon_Handler
                0x0000000000000262                DMA0_DriverIRQHandler
                0x0000000000000262                PORTB_DriverIRQHandler
                0x0000000000000262                DMA12_DriverIRQHandler
                0x0000000000000262                SPI1_DriverIRQHandler
                0x0000000000000262                LPTMR0_DriverIRQHandler
                0x0000000000000262                DMA_Error_DriverIRQHandler
                0x0000000000000262                FTM1_DriverIRQHandler
                0x0000000000000262                FTM2_DriverIRQHandler
                0x0000000000000262                PIT2_DriverIRQHandler
                0x0000000000000262                SDHC_DriverIRQHandler
                0x0000000000000262                I2S0_Tx_DriverIRQHandler
                0x0000000000000262                RTC_Seconds_DriverIRQHandler
                0x0000000000000262                DMA6_DriverIRQHandler
                0x0000000000000262                LLWU_DriverIRQHandler
                0x0000000000000262                MCM_DriverIRQHandler
                0x0000000000000262                MCG_DriverIRQHandler
                0x0000000000000262                ENET_1588_Timer_DriverIRQHandler
                0x0000000000000262                I2C2_DriverIRQHandler
                0x0000000000000262                DAC1_DriverIRQHandler
                0x0000000000000262                CMP1_DriverIRQHandler
                0x0000000000000262                FTM0_DriverIRQHandler
                0x0000000000000262                IntDefaultHandler
                0x0000000000000262                USB0_DriverIRQHandler
                0x0000000000000262                UART5_ERR_DriverIRQHandler
                0x0000000000000262                PORTC_DriverIRQHandler
                0x0000000000000262                DMA11_DriverIRQHandler
                0x0000000000000262                DAC0_DriverIRQHandler
                0x0000000000000262                DMA10_DriverIRQHandler
                0x0000000000000262                CMP2_DriverIRQHandler
                0x0000000000000262                UART2_ERR_DriverIRQHandler
                0x0000000000000262                SPI2_DriverIRQHandler
                0x0000000000000262                LVD_LVW_DriverIRQHandler
                0x0000000000000262                PIT0_DriverIRQHandler
                0x0000000000000262                RNG_DriverIRQHandler
                0x0000000000000262                DMA5_DriverIRQHandler
                0x0000000000000262                DMA4_DriverIRQHandler
                0x0000000000000262                USBDCD_DriverIRQHandler
                0x0000000000000262                UART3_ERR_DriverIRQHandler
                0x0000000000000262                DMA3_DriverIRQHandler
                0x0000000000000262                DMA8_DriverIRQHandler
                0x0000000000000262                DMA9_DriverIRQHandler
                0x0000000000000262                UART0_ERR_DriverIRQHandler
                0x0000000000000262                CMT_DriverIRQHandler
                0x0000000000000262                Reserved71_DriverIRQHandler
                0x0000000000000262                ADC1_DriverIRQHandler
                0x0000000000000262                PORTA_DriverIRQHandler
                0x0000000000000262                DMA14_DriverIRQHandler
                0x0000000000000262                PIT3_DriverIRQHandler
                0x0000000000000262                PIT1_DriverIRQHandler
                0x0000000000000262                WDOG_EWM_DriverIRQHandler
                0x0000000000000262                PDB0_DriverIRQHandler
                0x0000000000000262                RTC_DriverIRQHandler
                0x0000000000000262                I2S0_Rx_DriverIRQHandler
                0x0000000000000262                Read_Collision_DriverIRQHandler
                0x0000000000000262                SWI_DriverIRQHandler
                0x0000000000000262                UART4_ERR_DriverIRQHandler
                0x0000000000000262                UART0_LON_DriverIRQHandler
                0x0000000000000262                DMA1_DriverIRQHandler
                0x0000000000000262                I2C1_DriverIRQHandler
                0x0000000000000262                ENET_Receive_DriverIRQHandler
                0x0000000000000262                DMA13_DriverIRQHandler
                0x0000000000000262                ENET_Error_DriverIRQHandler
                0x0000000000000262                DMA15_DriverIRQHandler
                0x0000000000000262                SPI0_DriverIRQHandler
                0x0000000000000262                ADC0_DriverIRQHandler
                0x0000000000000262                CMP0_DriverIRQHandler
                0x0000000000000262                CAN0_DriverIRQHandler
                0x0000000000000262                FTM3_DriverIRQHandler
                0x0000000000000262                UART1_ERR_DriverIRQHandler
                0x0000000000000262                DMA2_DriverIRQHandler
                0x0000000000000262                ENET_Transmit_DriverIRQHandler
                0x0000000000000262                PORTD_DriverIRQHandler
                0x0000000000000262                PORTE_DriverIRQHandler
                0x0000000000000262                FTFE_DriverIRQHandler
                0x0000000000000262                I2C0_DriverIRQHandler
                0x0000000000000262                DMA7_DriverIRQHandler
                0x0000000000000400                . = 0x400
 *fill*         0x0000000000000264      0x19c ff
                0x0000000000000400                PROVIDE (__FLASH_CONFIG_START__ = .)
 *(.FlashConfig)
 .FlashConfig   0x0000000000000400       0x10 ./startup/startup_mk64f12.o
                0x0000000000000400                Flash_Config
                0x0000000000000410                PROVIDE (__FLASH_CONFIG_END__ = .)
                0x0000000000000001                ASSERT (! ((__FLASH_CONFIG_START__ == __FLASH_CONFIG_END__)), Linker Flash Config Support Enabled, but no .FlashConfig section provided within application)
 *(.text*)
 .text.DMA0_IRQHandler
                0x0000000000000410        0x8 ./startup/startup_mk64f12.o
                0x0000000000000410                DMA0_IRQHandler
 .text.DMA1_IRQHandler
                0x0000000000000418        0x8 ./startup/startup_mk64f12.o
                0x0000000000000418                DMA1_IRQHandler
 .text.DMA2_IRQHandler
                0x0000000000000420        0x8 ./startup/startup_mk64f12.o
                0x0000000000000420                DMA2_IRQHandler
 .text.DMA3_IRQHandler
                0x0000000000000428        0x8 ./startup/startup_mk64f12.o
                0x0000000000000428                DMA3_IRQHandler
 .text.DMA4_IRQHandler
                0x0000000000000430        0x8 ./startup/startup_mk64f12.o
                0x0000000000000430                DMA4_IRQHandler
 .text.DMA5_IRQHandler
                0x0000000000000438        0x8 ./startup/startup_mk64f12.o
                0x0000000000000438                DMA5_IRQHandler
 .text.DMA6_IRQHandler
                0x0000000000000440        0x8 ./startup/startup_mk64f12.o
                0x0000000000000440                DMA6_IRQHandler
 .text.DMA7_IRQHandler
                0x0000000000000448        0x8 ./startup/startup_mk64f12.o
                0x0000000000000448                DMA7_IRQHandler
 .text.DMA8_IRQHandler
                0x0000000000000450        0x8 ./startup/startup_mk64f12.o
                0x0000000000000450                DMA8_IRQHandler
 .text.DMA9_IRQHandler
                0x0000000000000458        0x8 ./startup/startup_mk64f12.o
                0x0000000000000458                DMA9_IRQHandler
 .text.DMA10_IRQHandler
                0x0000000000000460        0x8 ./startup/startup_mk64f12.o
                0x0000000000000460                DMA10_IRQHandler
 .text.DMA11_IRQHandler
                0x0000000000000468        0x8 ./startup/startup_mk64f12.o
                0x0000000000000468                DMA11_IRQHandler
 .text.DMA12_IRQHandler
                0x0000000000000470        0x8 ./startup/startup_mk64f12.o
                0x0000000000000470                DMA12_IRQHandler
 .text.DMA13_IRQHandler
                0x0000000000000478        0x8 ./startup/startup_mk64f12.o
                0x0000000000000478                DMA13_IRQHandler
 .text.DMA14_IRQHandler
                0x0000000000000480        0x8 ./startup/startup_mk64f12.o
                0x0000000000000480                DMA14_IRQHandler
 .text.DMA15_IRQHandler
                0x0000000000000488        0x8 ./startup/startup_mk64f12.o
                0x0000000000000488                DMA15_IRQHandler
 .text.DMA_Error_IRQHandler
                0x0000000000000490        0x8 ./startup/startup_mk64f12.o
                0x0000000000000490                DMA_Error_IRQHandler
 .text.MCM_IRQHandler
                0x0000000000000498        0x8 ./startup/startup_mk64f12.o
                0x0000000000000498                MCM_IRQHandler
 .text.FTFE_IRQHandler
                0x00000000000004a0        0x8 ./startup/startup_mk64f12.o
                0x00000000000004a0                FTFE_IRQHandler
 .text.Read_Collision_IRQHandler
                0x00000000000004a8        0x8 ./startup/startup_mk64f12.o
                0x00000000000004a8                Read_Collision_IRQHandler
 .text.LVD_LVW_IRQHandler
                0x00000000000004b0        0x8 ./startup/startup_mk64f12.o
                0x00000000000004b0                LVD_LVW_IRQHandler
 .text.LLWU_IRQHandler
                0x00000000000004b8        0x8 ./startup/startup_mk64f12.o
                0x00000000000004b8                LLWU_IRQHandler
 .text.WDOG_EWM_IRQHandler
                0x00000000000004c0        0x8 ./startup/startup_mk64f12.o
                0x00000000000004c0                WDOG_EWM_IRQHandler
 .text.RNG_IRQHandler
                0x00000000000004c8        0x8 ./startup/startup_mk64f12.o
                0x00000000000004c8                RNG_IRQHandler
 .text.I2C0_IRQHandler
                0x00000000000004d0        0x8 ./startup/startup_mk64f12.o
                0x00000000000004d0                I2C0_IRQHandler
 .text.I2C1_IRQHandler
                0x00000000000004d8        0x8 ./startup/startup_mk64f12.o
                0x00000000000004d8                I2C1_IRQHandler
 .text.SPI0_IRQHandler
                0x00000000000004e0        0x8 ./startup/startup_mk64f12.o
                0x00000000000004e0                SPI0_IRQHandler
 .text.SPI1_IRQHandler
                0x00000000000004e8        0x8 ./startup/startup_mk64f12.o
                0x00000000000004e8                SPI1_IRQHandler
 .text.I2S0_Tx_IRQHandler
                0x00000000000004f0        0x8 ./startup/startup_mk64f12.o
                0x00000000000004f0                I2S0_Tx_IRQHandler
 .text.I2S0_Rx_IRQHandler
                0x00000000000004f8        0x8 ./startup/startup_mk64f12.o
                0x00000000000004f8                I2S0_Rx_IRQHandler
 .text.UART0_LON_IRQHandler
                0x0000000000000500        0x8 ./startup/startup_mk64f12.o
                0x0000000000000500                UART0_LON_IRQHandler
 .text.UART0_ERR_IRQHandler
                0x0000000000000508        0x8 ./startup/startup_mk64f12.o
                0x0000000000000508                UART0_ERR_IRQHandler
 .text.UART1_RX_TX_IRQHandler
                0x0000000000000510        0x8 ./startup/startup_mk64f12.o
                0x0000000000000510                UART1_RX_TX_IRQHandler
 .text.UART1_ERR_IRQHandler
                0x0000000000000518        0x8 ./startup/startup_mk64f12.o
                0x0000000000000518                UART1_ERR_IRQHandler
 .text.UART2_RX_TX_IRQHandler
                0x0000000000000520        0x8 ./startup/startup_mk64f12.o
                0x0000000000000520                UART2_RX_TX_IRQHandler
 .text.UART2_ERR_IRQHandler
                0x0000000000000528        0x8 ./startup/startup_mk64f12.o
                0x0000000000000528                UART2_ERR_IRQHandler
 .text.UART3_RX_TX_IRQHandler
                0x0000000000000530        0x8 ./startup/startup_mk64f12.o
                0x0000000000000530                UART3_RX_TX_IRQHandler
 .text.UART3_ERR_IRQHandler
                0x0000000000000538        0x8 ./startup/startup_mk64f12.o
                0x0000000000000538                UART3_ERR_IRQHandler
 .text.ADC0_IRQHandler
                0x0000000000000540        0x8 ./startup/startup_mk64f12.o
                0x0000000000000540                ADC0_IRQHandler
 .text.CMP0_IRQHandler
                0x0000000000000548        0x8 ./startup/startup_mk64f12.o
                0x0000000000000548                CMP0_IRQHandler
 .text.CMP1_IRQHandler
                0x0000000000000550        0x8 ./startup/startup_mk64f12.o
                0x0000000000000550                CMP1_IRQHandler
 .text.FTM0_IRQHandler
                0x0000000000000558        0x8 ./startup/startup_mk64f12.o
                0x0000000000000558                FTM0_IRQHandler
 .text.FTM1_IRQHandler
                0x0000000000000560        0x8 ./startup/startup_mk64f12.o
                0x0000000000000560                FTM1_IRQHandler
 .text.FTM2_IRQHandler
                0x0000000000000568        0x8 ./startup/startup_mk64f12.o
                0x0000000000000568                FTM2_IRQHandler
 .text.CMT_IRQHandler
                0x0000000000000570        0x8 ./startup/startup_mk64f12.o
                0x0000000000000570                CMT_IRQHandler
 .text.RTC_IRQHandler
                0x0000000000000578        0x8 ./startup/startup_mk64f12.o
                0x0000000000000578                RTC_IRQHandler
 .text.RTC_Seconds_IRQHandler
                0x0000000000000580        0x8 ./startup/startup_mk64f12.o
                0x0000000000000580                RTC_Seconds_IRQHandler
 .text.PIT0_IRQHandler
                0x0000000000000588        0x8 ./startup/startup_mk64f12.o
                0x0000000000000588                PIT0_IRQHandler
 .text.PIT1_IRQHandler
                0x0000000000000590        0x8 ./startup/startup_mk64f12.o
                0x0000000000000590                PIT1_IRQHandler
 .text.PIT2_IRQHandler
                0x0000000000000598        0x8 ./startup/startup_mk64f12.o
                0x0000000000000598                PIT2_IRQHandler
 .text.PIT3_IRQHandler
                0x00000000000005a0        0x8 ./startup/startup_mk64f12.o
                0x00000000000005a0                PIT3_IRQHandler
 .text.PDB0_IRQHandler
                0x00000000000005a8        0x8 ./startup/startup_mk64f12.o
                0x00000000000005a8                PDB0_IRQHandler
 .text.USB0_IRQHandler
                0x00000000000005b0        0x8 ./startup/startup_mk64f12.o
                0x00000000000005b0                USB0_IRQHandler
 .text.USBDCD_IRQHandler
                0x00000000000005b8        0x8 ./startup/startup_mk64f12.o
                0x00000000000005b8                USBDCD_IRQHandler
 .text.Reserved71_IRQHandler
                0x00000000000005c0        0x8 ./startup/startup_mk64f12.o
                0x00000000000005c0                Reserved71_IRQHandler
 .text.DAC0_IRQHandler
                0x00000000000005c8        0x8 ./startup/startup_mk64f12.o
                0x00000000000005c8                DAC0_IRQHandler
 .text.MCG_IRQHandler
                0x00000000000005d0        0x8 ./startup/startup_mk64f12.o
                0x00000000000005d0                MCG_IRQHandler
 .text.LPTMR0_IRQHandler
                0x00000000000005d8        0x8 ./startup/startup_mk64f12.o
                0x00000000000005d8                LPTMR0_IRQHandler
 .text.PORTA_IRQHandler
                0x00000000000005e0        0x8 ./startup/startup_mk64f12.o
                0x00000000000005e0                PORTA_IRQHandler
 .text.PORTB_IRQHandler
                0x00000000000005e8        0x8 ./startup/startup_mk64f12.o
                0x00000000000005e8                PORTB_IRQHandler
 .text.PORTC_IRQHandler
                0x00000000000005f0        0x8 ./startup/startup_mk64f12.o
                0x00000000000005f0                PORTC_IRQHandler
 .text.PORTD_IRQHandler
                0x00000000000005f8        0x8 ./startup/startup_mk64f12.o
                0x00000000000005f8                PORTD_IRQHandler
 .text.PORTE_IRQHandler
                0x0000000000000600        0x8 ./startup/startup_mk64f12.o
                0x0000000000000600                PORTE_IRQHandler
 .text.SWI_IRQHandler
                0x0000000000000608        0x8 ./startup/startup_mk64f12.o
                0x0000000000000608                SWI_IRQHandler
 .text.SPI2_IRQHandler
                0x0000000000000610        0x8 ./startup/startup_mk64f12.o
                0x0000000000000610                SPI2_IRQHandler
 .text.UART4_RX_TX_IRQHandler
                0x0000000000000618        0x8 ./startup/startup_mk64f12.o
                0x0000000000000618                UART4_RX_TX_IRQHandler
 .text.UART4_ERR_IRQHandler
                0x0000000000000620        0x8 ./startup/startup_mk64f12.o
                0x0000000000000620                UART4_ERR_IRQHandler
 .text.UART5_RX_TX_IRQHandler
                0x0000000000000628        0x8 ./startup/startup_mk64f12.o
                0x0000000000000628                UART5_RX_TX_IRQHandler
 .text.UART5_ERR_IRQHandler
                0x0000000000000630        0x8 ./startup/startup_mk64f12.o
                0x0000000000000630                UART5_ERR_IRQHandler
 .text.CMP2_IRQHandler
                0x0000000000000638        0x8 ./startup/startup_mk64f12.o
                0x0000000000000638                CMP2_IRQHandler
 .text.FTM3_IRQHandler
                0x0000000000000640        0x8 ./startup/startup_mk64f12.o
                0x0000000000000640                FTM3_IRQHandler
 .text.DAC1_IRQHandler
                0x0000000000000648        0x8 ./startup/startup_mk64f12.o
                0x0000000000000648                DAC1_IRQHandler
 .text.ADC1_IRQHandler
                0x0000000000000650        0x8 ./startup/startup_mk64f12.o
                0x0000000000000650                ADC1_IRQHandler
 .text.I2C2_IRQHandler
                0x0000000000000658        0x8 ./startup/startup_mk64f12.o
                0x0000000000000658                I2C2_IRQHandler
 .text.CAN0_ORed_Message_buffer_IRQHandler
                0x0000000000000660        0x8 ./startup/startup_mk64f12.o
                0x0000000000000660                CAN0_ORed_Message_buffer_IRQHandler
 .text.CAN0_Bus_Off_IRQHandler
                0x0000000000000668        0x8 ./startup/startup_mk64f12.o
                0x0000000000000668                CAN0_Bus_Off_IRQHandler
 .text.CAN0_Error_IRQHandler
                0x0000000000000670        0x8 ./startup/startup_mk64f12.o
                0x0000000000000670                CAN0_Error_IRQHandler
 .text.CAN0_Tx_Warning_IRQHandler
                0x0000000000000678        0x8 ./startup/startup_mk64f12.o
                0x0000000000000678                CAN0_Tx_Warning_IRQHandler
 .text.CAN0_Rx_Warning_IRQHandler
                0x0000000000000680        0x8 ./startup/startup_mk64f12.o
                0x0000000000000680                CAN0_Rx_Warning_IRQHandler
 .text.CAN0_Wake_Up_IRQHandler
                0x0000000000000688        0x8 ./startup/startup_mk64f12.o
                0x0000000000000688                CAN0_Wake_Up_IRQHandler
 .text.SDHC_IRQHandler
                0x0000000000000690        0x8 ./startup/startup_mk64f12.o
                0x0000000000000690                SDHC_IRQHandler
 .text.NVIC_EnableIRQ
                0x0000000000000698       0x34 ./source/Console.o
 .text.EnableIRQ
                0x00000000000006cc       0x28 ./source/Console.o
 .text.UART_ReadByte
                0x00000000000006f4       0x1a ./source/Console.o
 *fill*         0x000000000000070e        0x2 ff
 .text.UART0_RX_TX_IRQHandler
                0x0000000000000710       0x38 ./source/Console.o
                0x0000000000000710                UART0_RX_TX_IRQHandler
 .text.HasInput
                0x0000000000000748       0x18 ./source/Console.o
 .text.ReadChar
                0x0000000000000760       0x22 ./source/Console.o
 *fill*         0x0000000000000782        0x2 ff
 .text.WriteChar
                0x0000000000000784       0x24 ./source/Console.o
 .text.CONSOLE_SendChar
                0x00000000000007a8       0x1c ./source/Console.o
                0x00000000000007a8                CONSOLE_SendChar
 .text.CONSOLE_GetStdio
                0x00000000000007c4       0x14 ./source/Console.o
                0x00000000000007c4                CONSOLE_GetStdio
 .text.CONSOLE_Init
                0x00000000000007d8       0x4c ./source/Console.o
                0x00000000000007d8                CONSOLE_Init
 .text.SHELL_SendChar
                0x0000000000000824       0x20 ./source/Shell.o
 .text.SHELL_ReadChar
                0x0000000000000844       0x32 ./source/Shell.o
 .text.SHELL_KeyPressed
                0x0000000000000876       0x1e ./source/Shell.o
 .text.SHELL_SendString
                0x0000000000000894       0x20 ./source/Shell.o
                0x0000000000000894                SHELL_SendString
 .text.ShellTask
                0x00000000000008b4       0x64 ./source/Shell.o
 .text.SHELL_Init
                0x0000000000000918       0x50 ./source/Shell.o
                0x0000000000000918                SHELL_Init
 .text.AccelTask
                0x0000000000000968       0x50 ./source/app_accel.o
 .text.ACCEL_Init
                0x00000000000009b8       0x3c ./source/app_accel.o
                0x00000000000009b8                ACCEL_Init
 .text.CLOCK_EnableClock
                0x00000000000009f4       0x34 ./source/lwip_mqtt.o
 .text.SetDynamicString
                0x0000000000000a28       0x52 ./source/lwip_mqtt.o
 *fill*         0x0000000000000a7a        0x2 ff
 .text.APP_SendMsg
                0x0000000000000a7c       0x98 ./source/lwip_mqtt.o
                0x0000000000000a7c                APP_SendMsg
 .text.my_debug
                0x0000000000000b14       0x28 ./source/lwip_mqtt.o
 .text.MQTT_TlsClose
                0x0000000000000b3c       0x30 ./source/lwip_mqtt.o
                0x0000000000000b3c                MQTT_TlsClose
 .text.TLS_Init
                0x0000000000000b6c      0x168 ./source/lwip_mqtt.o
 .text.mqtt_incoming_publish_cb
                0x0000000000000cd4       0x60 ./source/lwip_mqtt.o
 .text.mqtt_incoming_data_cb
                0x0000000000000d34       0x8c ./source/lwip_mqtt.o
 .text.mqtt_sub_request_cb
                0x0000000000000dc0       0x30 ./source/lwip_mqtt.o
 .text.my_mqtt_subscribe
                0x0000000000000df0       0x70 ./source/lwip_mqtt.o
 .text.mqtt_connection_cb
                0x0000000000000e60       0x64 ./source/lwip_mqtt.o
 .text.mqtt_do_connect
                0x0000000000000ec4       0x98 ./source/lwip_mqtt.o
 .text.mqtt_pub_request_cb
                0x0000000000000f5c       0x38 ./source/lwip_mqtt.o
 .text.my_mqtt_publish
                0x0000000000000f94       0x88 ./source/lwip_mqtt.o
 .text.publish_message
                0x000000000000101c       0x64 ./source/lwip_mqtt.o
 .text.FRTOS1_vApplicationStackOverflowHook
                0x0000000000001080       0x14 ./source/lwip_mqtt.o
                0x0000000000001080                FRTOS1_vApplicationStackOverflowHook
 .text.FRTOS1_vApplicationIdleHook
                0x0000000000001094        0xe ./source/lwip_mqtt.o
                0x0000000000001094                FRTOS1_vApplicationIdleHook
 .text.FRTOS1_vApplicationMallocFailedHook
                0x00000000000010a2        0xe ./source/lwip_mqtt.o
                0x00000000000010a2                FRTOS1_vApplicationMallocFailedHook
 .text.FRTOS1_vApplicationTickHook
                0x00000000000010b0       0x10 ./source/lwip_mqtt.o
                0x00000000000010b0                FRTOS1_vApplicationTickHook
 .text.mqtt_do_tls_handshake
                0x00000000000010c0       0x4e ./source/lwip_mqtt.o
 *fill*         0x000000000000110e        0x2 ff
 .text.MQTT_State_toStr
                0x0000000000001110       0x98 ./source/lwip_mqtt.o
 .text.MqttDoStateMachine
                0x00000000000011a8      0x210 ./source/lwip_mqtt.o
 .text.ProcessLWIP
                0x00000000000013b8       0x1a ./source/lwip_mqtt.o
 *fill*         0x00000000000013d2        0x2 ff
 .text.APP_GetNetworkInterface
                0x00000000000013d4       0x14 ./source/lwip_mqtt.o
                0x00000000000013d4                APP_GetNetworkInterface
 .text.StartNetworkInterface
                0x00000000000013e8       0xa0 ./source/lwip_mqtt.o
 .text.AppTask  0x0000000000001488       0x40 ./source/lwip_mqtt.o
 .text.APP_Run  0x00000000000014c8      0x13c ./source/lwip_mqtt.o
 .text.main     0x0000000000001604       0x90 ./source/lwip_mqtt.o
                0x0000000000001604                main
 .text.random32
                0x0000000000001694       0x24 ./source/lwip_mqtt.o
                0x0000000000001694                random32
 .text.ShellDoConnect
                0x00000000000016b8       0x6c ./source/lwip_mqtt.o
 .text.ShellDoDisconnect
                0x0000000000001724       0x7c ./source/lwip_mqtt.o
 .text.ShellDoPublish
                0x00000000000017a0       0x78 ./source/lwip_mqtt.o
 .text.ShellDoSubscribe
                0x0000000000001818       0x70 ./source/lwip_mqtt.o
 .text.PrintStatus
                0x0000000000001888      0x220 ./source/lwip_mqtt.o
 .text.MQTT_ParseCommand
                0x0000000000001aa8      0x240 ./source/lwip_mqtt.o
                0x0000000000001aa8                MQTT_ParseCommand
 .text.mqtt_msg_type_to_str
                0x0000000000001ce8       0x2c ./source/mqtt.o
 .text.msg_generate_packet_id
                0x0000000000001d14       0x38 ./source/mqtt.o
 .text.mqtt_output_send
                0x0000000000001d4c      0x1bc ./source/mqtt.o
 .text.mqtt_create_request
                0x0000000000001f08       0x7c ./source/mqtt.o
 .text.mqtt_append_request
                0x0000000000001f84       0x80 ./source/mqtt.o
 .text.mqtt_delete_request
                0x0000000000002004       0x20 ./source/mqtt.o
 .text.mqtt_take_request
                0x0000000000002024       0x94 ./source/mqtt.o
 .text.mqtt_request_time_elapsed
                0x00000000000020b8       0x94 ./source/mqtt.o
 .text.mqtt_clear_requests
                0x000000000000214c       0x44 ./source/mqtt.o
 .text.mqtt_init_requests
                0x0000000000002190       0x48 ./source/mqtt.o
 .text.mqtt_output_append_u8
                0x00000000000021d8       0x2e ./source/mqtt.o
 .text.mqtt_output_append_u16
                0x0000000000002206       0x50 ./source/mqtt.o
 .text.mqtt_output_append_buf
                0x0000000000002256       0x4e ./source/mqtt.o
 .text.mqtt_output_append_string
                0x00000000000022a4       0x86 ./source/mqtt.o
 .text.mqtt_output_append_fixed_header
                0x000000000000232a       0x94 ./source/mqtt.o
 *fill*         0x00000000000023be        0x2 ff
 .text.mqtt_output_check_space
                0x00000000000023c0       0x58 ./source/mqtt.o
 .text.tls_close
                0x0000000000002418       0x1c ./source/mqtt.o
                0x0000000000002418                tls_close
 .text.mqtt_close
                0x0000000000002434       0xd4 ./source/mqtt.o
 .text.mqtt_cyclic_timer
                0x0000000000002508      0x160 ./source/mqtt.o
 .text.pub_ack_rec_rel_response
                0x0000000000002668       0x9c ./source/mqtt.o
 .text.mqtt_incomming_suback
                0x0000000000002704       0x36 ./source/mqtt.o
 *fill*         0x000000000000273a        0x2 ff
 .text.mqtt_message_received
                0x000000000000273c      0x3b8 ./source/mqtt.o
 .text.mqtt_parse_incoming
                0x0000000000002af4      0x1dc ./source/mqtt.o
 .text.mqtt_recv_from_tls
                0x0000000000002cd0       0x7c ./source/mqtt.o
                0x0000000000002cd0                mqtt_recv_from_tls
 .text.mqtt_tcp_sent_cb
                0x0000000000002d4c       0x88 ./source/mqtt.o
 .text.tls_tcp_recv_cb
                0x0000000000002dd4       0xd4 ./source/mqtt.o
 .text.mqtt_tls_output_send
                0x0000000000002ea8       0x24 ./source/mqtt.o
                0x0000000000002ea8                mqtt_tls_output_send
 .text.tls_tcp_sent_cb
                0x0000000000002ecc       0x38 ./source/mqtt.o
 .text.mqtt_tcp_err_cb
                0x0000000000002f04       0x54 ./source/mqtt.o
 .text.mqtt_tcp_connect_cb
                0x0000000000002f58       0x98 ./source/mqtt.o
 .text.mqtt_start_mqtt
                0x0000000000002ff0       0x40 ./source/mqtt.o
                0x0000000000002ff0                mqtt_start_mqtt
 .text.mqtt_publish
                0x0000000000003030      0x18c ./source/mqtt.o
                0x0000000000003030                mqtt_publish
 .text.mqtt_sub_unsub
                0x00000000000031bc      0x1a0 ./source/mqtt.o
                0x00000000000031bc                mqtt_sub_unsub
 .text.mqtt_set_inpub_callback
                0x000000000000335c       0x38 ./source/mqtt.o
                0x000000000000335c                mqtt_set_inpub_callback
 .text.mqtt_client_connect
                0x0000000000003394      0x4cc ./source/mqtt.o
                0x0000000000003394                mqtt_client_connect
 .text.mqtt_disconnect
                0x0000000000003860       0x78 ./source/mqtt.o
                0x0000000000003860                mqtt_disconnect
 .text.mqtt_client_is_connected
                0x00000000000038d8       0x30 ./source/mqtt.o
                0x00000000000038d8                mqtt_client_is_connected
 .text.mqtt_client_is_handshaking
                0x0000000000003908       0x30 ./source/mqtt.o
                0x0000000000003908                mqtt_client_is_handshaking
 .text.mbedtls_net_incoming
                0x0000000000003938       0x40 ./source/net.o
                0x0000000000003938                mbedtls_net_incoming
 .text.mbedtls_net_recv
                0x0000000000003978       0x6c ./source/net.o
                0x0000000000003978                mbedtls_net_recv
 .text.mbedtls_net_send
                0x00000000000039e4       0x60 ./source/net.o
                0x00000000000039e4                mbedtls_net_send
 .text.mmcau_memcpy
                0x0000000000003a44       0x32 ./mmcau_common/fsl_mmcau.o
 .text.mmcau_align_const
                0x0000000000003a76       0x32 ./mmcau_common/fsl_mmcau.o
 .text.mmcau_align
                0x0000000000003aa8       0x3a ./mmcau_common/fsl_mmcau.o
 .text.mmcau_AesCrypt
                0x0000000000003ae2      0x11c ./mmcau_common/fsl_mmcau.o
 .text.mmcau_DesCrypt
                0x0000000000003bfe       0x96 ./mmcau_common/fsl_mmcau.o
 .text.mmcau_hash_API
                0x0000000000003c94       0x90 ./mmcau_common/fsl_mmcau.o
 .text.mmcau_hash_MD5API
                0x0000000000003d24       0x90 ./mmcau_common/fsl_mmcau.o
 .text.MMCAU_AES_SetKey
                0x0000000000003db4      0x112 ./mmcau_common/fsl_mmcau.o
                0x0000000000003db4                MMCAU_AES_SetKey
 .text.MMCAU_AES_EncryptEcb
                0x0000000000003ec6       0x28 ./mmcau_common/fsl_mmcau.o
                0x0000000000003ec6                MMCAU_AES_EncryptEcb
 .text.MMCAU_AES_DecryptEcb
                0x0000000000003eee       0x28 ./mmcau_common/fsl_mmcau.o
                0x0000000000003eee                MMCAU_AES_DecryptEcb
 .text.MMCAU_DES_EncryptEcb
                0x0000000000003f16       0x22 ./mmcau_common/fsl_mmcau.o
                0x0000000000003f16                MMCAU_DES_EncryptEcb
 .text.MMCAU_DES_DecryptEcb
                0x0000000000003f38       0x22 ./mmcau_common/fsl_mmcau.o
                0x0000000000003f38                MMCAU_DES_DecryptEcb
 *fill*         0x0000000000003f5a        0x2 ff
 .text.MMCAU_MD5_HashN
                0x0000000000003f5c       0x2c ./mmcau_common/fsl_mmcau.o
                0x0000000000003f5c                MMCAU_MD5_HashN
 .text.MMCAU_SHA1_HashN
                0x0000000000003f88       0x2c ./mmcau_common/fsl_mmcau.o
                0x0000000000003f88                MMCAU_SHA1_HashN
 .text.MMCAU_SHA256_HashN
                0x0000000000003fb4       0x2c ./mmcau_common/fsl_mmcau.o
                0x0000000000003fb4                MMCAU_SHA256_HashN
 .text.mbedtls_des_setkey_enc
                0x0000000000003fe0       0x6c ./mbedtls/port/ksdk/ksdk_mbedtls.o
                0x0000000000003fe0                mbedtls_des_setkey_enc
 .text.mbedtls_des_setkey_dec
                0x000000000000404c       0x6c ./mbedtls/port/ksdk/ksdk_mbedtls.o
                0x000000000000404c                mbedtls_des_setkey_dec
 .text.mbedtls_des3_set2key_enc
                0x00000000000040b8       0xb4 ./mbedtls/port/ksdk/ksdk_mbedtls.o
                0x00000000000040b8                mbedtls_des3_set2key_enc
 .text.mbedtls_des3_set2key_dec
                0x000000000000416c       0xb4 ./mbedtls/port/ksdk/ksdk_mbedtls.o
                0x000000000000416c                mbedtls_des3_set2key_dec
 .text.mbedtls_des3_set3key_enc
                0x0000000000004220       0x6c ./mbedtls/port/ksdk/ksdk_mbedtls.o
                0x0000000000004220                mbedtls_des3_set3key_enc
 .text.mbedtls_des3_set3key_dec
                0x000000000000428c       0x6c ./mbedtls/port/ksdk/ksdk_mbedtls.o
                0x000000000000428c                mbedtls_des3_set3key_dec
 .text.mbedtls_des_crypt_ecb
                0x00000000000042f8       0x3a ./mbedtls/port/ksdk/ksdk_mbedtls.o
                0x00000000000042f8                mbedtls_des_crypt_ecb
 .text.mbedtls_des3_crypt_ecb
                0x0000000000004332       0x72 ./mbedtls/port/ksdk/ksdk_mbedtls.o
                0x0000000000004332                mbedtls_des3_crypt_ecb
 .text.mbedtls_aes_setkey_enc
                0x00000000000043a4       0x6c ./mbedtls/port/ksdk/ksdk_mbedtls.o
                0x00000000000043a4                mbedtls_aes_setkey_enc
 .text.mbedtls_aes_setkey_dec
                0x0000000000004410       0x78 ./mbedtls/port/ksdk/ksdk_mbedtls.o
                0x0000000000004410                mbedtls_aes_setkey_dec
 .text.mbedtls_aes_encrypt
                0x0000000000004488       0x2a ./mbedtls/port/ksdk/ksdk_mbedtls.o
                0x0000000000004488                mbedtls_aes_encrypt
 .text.mbedtls_aes_decrypt
                0x00000000000044b2       0x2a ./mbedtls/port/ksdk/ksdk_mbedtls.o
                0x00000000000044b2                mbedtls_aes_decrypt
 .text.mbedtls_md5_process
                0x00000000000044dc       0x20 ./mbedtls/port/ksdk/ksdk_mbedtls.o
                0x00000000000044dc                mbedtls_md5_process
 .text.mbedtls_sha1_process
                0x00000000000044fc       0x20 ./mbedtls/port/ksdk/ksdk_mbedtls.o
                0x00000000000044fc                mbedtls_sha1_process
 .text.mbedtls_sha256_process
                0x000000000000451c       0x20 ./mbedtls/port/ksdk/ksdk_mbedtls.o
                0x000000000000451c                mbedtls_sha256_process
 .text.mbedtls_hardware_poll
                0x000000000000453c       0x3c ./mbedtls/port/ksdk/ksdk_mbedtls.o
                0x000000000000453c                mbedtls_hardware_poll
 .text.mbedtls_zeroize
                0x0000000000004578       0x32 ./mbedtls/library/aes.o
 .text.mbedtls_aes_init
                0x00000000000045aa       0x1c ./mbedtls/library/aes.o
                0x00000000000045aa                mbedtls_aes_init
 .text.mbedtls_aes_free
                0x00000000000045c6       0x22 ./mbedtls/library/aes.o
                0x00000000000045c6                mbedtls_aes_free
 .text.mbedtls_aes_crypt_ecb
                0x00000000000045e8       0x34 ./mbedtls/library/aes.o
                0x00000000000045e8                mbedtls_aes_crypt_ecb
 .text.mbedtls_aes_crypt_cbc
                0x000000000000461c       0xfc ./mbedtls/library/aes.o
                0x000000000000461c                mbedtls_aes_crypt_cbc
 .text.mbedtls_aes_crypt_cfb128
                0x0000000000004718       0xd2 ./mbedtls/library/aes.o
                0x0000000000004718                mbedtls_aes_crypt_cfb128
 .text.mbedtls_aes_crypt_ctr
                0x00000000000047ea       0x9e ./mbedtls/library/aes.o
                0x00000000000047ea                mbedtls_aes_crypt_ctr
 .text.mbedtls_zeroize
                0x0000000000004888       0x32 ./mbedtls/library/asn1parse.o
 *fill*         0x00000000000048ba        0x2 ff
 .text.mbedtls_asn1_get_len
                0x00000000000048bc      0x184 ./mbedtls/library/asn1parse.o
                0x00000000000048bc                mbedtls_asn1_get_len
 .text.mbedtls_asn1_get_tag
                0x0000000000004a40       0x52 ./mbedtls/library/asn1parse.o
                0x0000000000004a40                mbedtls_asn1_get_tag
 .text.mbedtls_asn1_get_bool
                0x0000000000004a92       0x5c ./mbedtls/library/asn1parse.o
                0x0000000000004a92                mbedtls_asn1_get_bool
 .text.mbedtls_asn1_get_int
                0x0000000000004aee       0x76 ./mbedtls/library/asn1parse.o
                0x0000000000004aee                mbedtls_asn1_get_int
 .text.mbedtls_asn1_get_mpi
                0x0000000000004b64       0x4c ./mbedtls/library/asn1parse.o
                0x0000000000004b64                mbedtls_asn1_get_mpi
 .text.mbedtls_asn1_get_bitstring
                0x0000000000004bb0       0x8e ./mbedtls/library/asn1parse.o
                0x0000000000004bb0                mbedtls_asn1_get_bitstring
 .text.mbedtls_asn1_get_bitstring_null
                0x0000000000004c3e       0x52 ./mbedtls/library/asn1parse.o
                0x0000000000004c3e                mbedtls_asn1_get_bitstring_null
 .text.mbedtls_asn1_get_sequence_of
                0x0000000000004c90       0xd4 ./mbedtls/library/asn1parse.o
                0x0000000000004c90                mbedtls_asn1_get_sequence_of
 .text.mbedtls_asn1_get_alg
                0x0000000000004d64       0xf6 ./mbedtls/library/asn1parse.o
                0x0000000000004d64                mbedtls_asn1_get_alg
 .text.mbedtls_asn1_get_alg_null
                0x0000000000004e5a       0x56 ./mbedtls/library/asn1parse.o
                0x0000000000004e5a                mbedtls_asn1_get_alg_null
 .text.mbedtls_asn1_write_len
                0x0000000000004eb0       0xda ./mbedtls/library/asn1write.o
                0x0000000000004eb0                mbedtls_asn1_write_len
 .text.mbedtls_asn1_write_tag
                0x0000000000004f8a       0x40 ./mbedtls/library/asn1write.o
                0x0000000000004f8a                mbedtls_asn1_write_tag
 .text.mbedtls_asn1_write_mpi
                0x0000000000004fca       0xe8 ./mbedtls/library/asn1write.o
                0x0000000000004fca                mbedtls_asn1_write_mpi
 *fill*         0x00000000000050b2        0x2 ff
 .text.mbedtls_base64_decode
                0x00000000000050b4      0x224 ./mbedtls/library/base64.o
                0x00000000000050b4                mbedtls_base64_decode
 .text.mbedtls_mpi_zeroize
                0x00000000000052d8       0x32 ./mbedtls/library/bignum.o
 .text.mbedtls_mpi_init
                0x000000000000530a       0x2e ./mbedtls/library/bignum.o
                0x000000000000530a                mbedtls_mpi_init
 .text.mbedtls_mpi_free
                0x0000000000005338       0x4c ./mbedtls/library/bignum.o
                0x0000000000005338                mbedtls_mpi_free
 .text.mbedtls_mpi_grow
                0x0000000000005384       0x86 ./mbedtls/library/bignum.o
                0x0000000000005384                mbedtls_mpi_grow
 .text.mbedtls_mpi_shrink
                0x000000000000540a       0xbc ./mbedtls/library/bignum.o
                0x000000000000540a                mbedtls_mpi_shrink
 .text.mbedtls_mpi_copy
                0x00000000000054c6       0xa2 ./mbedtls/library/bignum.o
                0x00000000000054c6                mbedtls_mpi_copy
 .text.mbedtls_mpi_safe_cond_assign
                0x0000000000005568       0xe4 ./mbedtls/library/bignum.o
                0x0000000000005568                mbedtls_mpi_safe_cond_assign
 .text.mbedtls_mpi_lset
                0x000000000000564c       0x5c ./mbedtls/library/bignum.o
                0x000000000000564c                mbedtls_mpi_lset
 .text.mbedtls_mpi_get_bit
                0x00000000000056a8       0x42 ./mbedtls/library/bignum.o
                0x00000000000056a8                mbedtls_mpi_get_bit
 .text.mbedtls_mpi_lsb
                0x00000000000056ea       0x66 ./mbedtls/library/bignum.o
                0x00000000000056ea                mbedtls_mpi_lsb
 .text.mbedtls_clz
                0x0000000000005750       0x42 ./mbedtls/library/bignum.o
 .text.mbedtls_mpi_bitlen
                0x0000000000005792       0x68 ./mbedtls/library/bignum.o
                0x0000000000005792                mbedtls_mpi_bitlen
 .text.mbedtls_mpi_size
                0x00000000000057fa       0x1c ./mbedtls/library/bignum.o
                0x00000000000057fa                mbedtls_mpi_size
 .text.mpi_get_digit
                0x0000000000005816       0x74 ./mbedtls/library/bignum.o
 .text.mbedtls_mpi_read_string
                0x000000000000588a      0x1e2 ./mbedtls/library/bignum.o
                0x000000000000588a                mbedtls_mpi_read_string
 .text.mbedtls_mpi_read_binary
                0x0000000000005a6c       0xd2 ./mbedtls/library/bignum.o
                0x0000000000005a6c                mbedtls_mpi_read_binary
 .text.mbedtls_mpi_write_binary
                0x0000000000005b3e       0x7e ./mbedtls/library/bignum.o
                0x0000000000005b3e                mbedtls_mpi_write_binary
 .text.mbedtls_mpi_shift_l
                0x0000000000005bbc      0x14a ./mbedtls/library/bignum.o
                0x0000000000005bbc                mbedtls_mpi_shift_l
 .text.mbedtls_mpi_shift_r
                0x0000000000005d06      0x136 ./mbedtls/library/bignum.o
                0x0000000000005d06                mbedtls_mpi_shift_r
 .text.mbedtls_mpi_cmp_abs
                0x0000000000005e3c      0x104 ./mbedtls/library/bignum.o
                0x0000000000005e3c                mbedtls_mpi_cmp_abs
 .text.mbedtls_mpi_cmp_mpi
                0x0000000000005f40      0x136 ./mbedtls/library/bignum.o
                0x0000000000005f40                mbedtls_mpi_cmp_mpi
 .text.mbedtls_mpi_cmp_int
                0x0000000000006076       0x44 ./mbedtls/library/bignum.o
                0x0000000000006076                mbedtls_mpi_cmp_int
 .text.mbedtls_mpi_add_abs
                0x00000000000060ba      0x168 ./mbedtls/library/bignum.o
                0x00000000000060ba                mbedtls_mpi_add_abs
 .text.mpi_sub_hlp
                0x0000000000006222       0xba ./mbedtls/library/bignum.o
 .text.mbedtls_mpi_sub_abs
                0x00000000000062dc       0xc8 ./mbedtls/library/bignum.o
                0x00000000000062dc                mbedtls_mpi_sub_abs
 .text.mbedtls_mpi_add_mpi
                0x00000000000063a4       0x94 ./mbedtls/library/bignum.o
                0x00000000000063a4                mbedtls_mpi_add_mpi
 .text.mbedtls_mpi_sub_mpi
                0x0000000000006438       0x94 ./mbedtls/library/bignum.o
                0x0000000000006438                mbedtls_mpi_sub_mpi
 .text.mbedtls_mpi_add_int
                0x00000000000064cc       0x48 ./mbedtls/library/bignum.o
                0x00000000000064cc                mbedtls_mpi_add_int
 .text.mbedtls_mpi_sub_int
                0x0000000000006514       0x48 ./mbedtls/library/bignum.o
                0x0000000000006514                mbedtls_mpi_sub_int
 .text.mpi_mul_hlp
                0x000000000000655c      0xf28 ./mbedtls/library/bignum.o
 .text.mbedtls_mpi_mul_mpi
                0x0000000000007484      0x168 ./mbedtls/library/bignum.o
                0x0000000000007484                mbedtls_mpi_mul_mpi
 .text.mbedtls_mpi_mul_int
                0x00000000000075ec       0x36 ./mbedtls/library/bignum.o
                0x00000000000075ec                mbedtls_mpi_mul_int
 .text.mbedtls_int_div_int
                0x0000000000007622       0xb0 ./mbedtls/library/bignum.o
 .text.mbedtls_mpi_div_mpi
                0x00000000000076d2      0x5a6 ./mbedtls/library/bignum.o
                0x00000000000076d2                mbedtls_mpi_div_mpi
 .text.mbedtls_mpi_mod_mpi
                0x0000000000007c78       0x8e ./mbedtls/library/bignum.o
                0x0000000000007c78                mbedtls_mpi_mod_mpi
 .text.mpi_montg_init
                0x0000000000007d06       0x60 ./mbedtls/library/bignum.o
 .text.mpi_montmul
                0x0000000000007d66      0x112 ./mbedtls/library/bignum.o
 .text.mpi_montred
                0x0000000000007e78       0x3c ./mbedtls/library/bignum.o
 .text.mbedtls_mpi_exp_mod
                0x0000000000007eb4      0x730 ./mbedtls/library/bignum.o
                0x0000000000007eb4                mbedtls_mpi_exp_mod
 .text.mbedtls_mpi_gcd
                0x00000000000085e4      0x1ec ./mbedtls/library/bignum.o
                0x00000000000085e4                mbedtls_mpi_gcd
 .text.mbedtls_mpi_fill_random
                0x00000000000087d0       0x7e ./mbedtls/library/bignum.o
                0x00000000000087d0                mbedtls_mpi_fill_random
 .text.mbedtls_mpi_inv_mod
                0x000000000000884e      0x4a6 ./mbedtls/library/bignum.o
                0x000000000000884e                mbedtls_mpi_inv_mod
 .text.mbedtls_zeroize
                0x0000000000008cf4       0x32 ./mbedtls/library/camellia.o
 *fill*         0x0000000000008d26        0x2 ff
 .text.camellia_feistel
                0x0000000000008d28       0xf4 ./mbedtls/library/camellia.o
 .text.mbedtls_camellia_init
                0x0000000000008e1c       0x1c ./mbedtls/library/camellia.o
                0x0000000000008e1c                mbedtls_camellia_init
 .text.mbedtls_camellia_free
                0x0000000000008e38       0x22 ./mbedtls/library/camellia.o
                0x0000000000008e38                mbedtls_camellia_free
 *fill*         0x0000000000008e5a        0x2 ff
 .text.mbedtls_camellia_setkey_enc
                0x0000000000008e5c      0xbf0 ./mbedtls/library/camellia.o
                0x0000000000008e5c                mbedtls_camellia_setkey_enc
 .text.mbedtls_camellia_setkey_dec
                0x0000000000009a4c      0x1d0 ./mbedtls/library/camellia.o
                0x0000000000009a4c                mbedtls_camellia_setkey_dec
 .text.mbedtls_camellia_crypt_ecb
                0x0000000000009c1c      0x2d4 ./mbedtls/library/camellia.o
                0x0000000000009c1c                mbedtls_camellia_crypt_ecb
 .text.mbedtls_camellia_crypt_cbc
                0x0000000000009ef0       0xfc ./mbedtls/library/camellia.o
                0x0000000000009ef0                mbedtls_camellia_crypt_cbc
 .text.mbedtls_camellia_crypt_cfb128
                0x0000000000009fec       0xd2 ./mbedtls/library/camellia.o
                0x0000000000009fec                mbedtls_camellia_crypt_cfb128
 .text.mbedtls_camellia_crypt_ctr
                0x000000000000a0be       0x9e ./mbedtls/library/camellia.o
                0x000000000000a0be                mbedtls_camellia_crypt_ctr
 .text.mbedtls_zeroize
                0x000000000000a15c       0x32 ./mbedtls/library/ccm.o
 .text.mbedtls_ccm_init
                0x000000000000a18e       0x1a ./mbedtls/library/ccm.o
                0x000000000000a18e                mbedtls_ccm_init
 .text.mbedtls_ccm_setkey
                0x000000000000a1a8       0x78 ./mbedtls/library/ccm.o
                0x000000000000a1a8                mbedtls_ccm_setkey
 .text.mbedtls_ccm_free
                0x000000000000a220       0x20 ./mbedtls/library/ccm.o
                0x000000000000a220                mbedtls_ccm_free
 .text.ccm_auth_crypt
                0x000000000000a240      0x5ee ./mbedtls/library/ccm.o
 .text.mbedtls_ccm_encrypt_and_tag
                0x000000000000a82e       0x40 ./mbedtls/library/ccm.o
                0x000000000000a82e                mbedtls_ccm_encrypt_and_tag
 .text.mbedtls_ccm_auth_decrypt
                0x000000000000a86e       0xa6 ./mbedtls/library/ccm.o
                0x000000000000a86e                mbedtls_ccm_auth_decrypt
 .text.mbedtls_cipher_get_block_size
                0x000000000000a914       0x2c ./mbedtls/library/cipher.o
 .text.mbedtls_cipher_get_iv_size
                0x000000000000a940       0x3a ./mbedtls/library/cipher.o
 .text.mbedtls_zeroize
                0x000000000000a97a       0x32 ./mbedtls/library/cipher.o
 .text.mbedtls_cipher_info_from_type
                0x000000000000a9ac       0x40 ./mbedtls/library/cipher.o
                0x000000000000a9ac                mbedtls_cipher_info_from_type
 .text.mbedtls_cipher_info_from_values
                0x000000000000a9ec       0x64 ./mbedtls/library/cipher.o
                0x000000000000a9ec                mbedtls_cipher_info_from_values
 .text.mbedtls_cipher_init
                0x000000000000aa50       0x1a ./mbedtls/library/cipher.o
                0x000000000000aa50                mbedtls_cipher_init
 .text.mbedtls_cipher_free
                0x000000000000aa6a       0x38 ./mbedtls/library/cipher.o
                0x000000000000aa6a                mbedtls_cipher_free
 *fill*         0x000000000000aaa2        0x2 ff
 .text.mbedtls_cipher_setup
                0x000000000000aaa4       0x60 ./mbedtls/library/cipher.o
                0x000000000000aaa4                mbedtls_cipher_setup
 .text.mbedtls_cipher_setkey
                0x000000000000ab04       0xb0 ./mbedtls/library/cipher.o
                0x000000000000ab04                mbedtls_cipher_setkey
 .text.mbedtls_cipher_set_iv
                0x000000000000abb4       0x7c ./mbedtls/library/cipher.o
                0x000000000000abb4                mbedtls_cipher_set_iv
 .text.mbedtls_cipher_reset
                0x000000000000ac30       0x34 ./mbedtls/library/cipher.o
                0x000000000000ac30                mbedtls_cipher_reset
 .text.mbedtls_cipher_update
                0x000000000000ac64      0x31c ./mbedtls/library/cipher.o
                0x000000000000ac64                mbedtls_cipher_update
 .text.add_pkcs_padding
                0x000000000000af80       0x46 ./mbedtls/library/cipher.o
 *fill*         0x000000000000afc6        0x2 ff
 .text.get_pkcs_padding
                0x000000000000afc8       0xd4 ./mbedtls/library/cipher.o
 .text.add_one_and_zeros_padding
                0x000000000000b09c       0x52 ./mbedtls/library/cipher.o
 *fill*         0x000000000000b0ee        0x2 ff
 .text.get_one_and_zeros_padding
                0x000000000000b0f0       0xd4 ./mbedtls/library/cipher.o
 .text.add_zeros_and_len_padding
                0x000000000000b1c4       0x56 ./mbedtls/library/cipher.o
 *fill*         0x000000000000b21a        0x2 ff
 .text.get_zeros_and_len_padding
                0x000000000000b21c       0xd0 ./mbedtls/library/cipher.o
 .text.add_zeros_padding
                0x000000000000b2ec       0x38 ./mbedtls/library/cipher.o
 .text.get_zeros_padding
                0x000000000000b324       0x90 ./mbedtls/library/cipher.o
 .text.get_no_padding
                0x000000000000b3b4       0x34 ./mbedtls/library/cipher.o
 .text.mbedtls_cipher_finish
                0x000000000000b3e8      0x170 ./mbedtls/library/cipher.o
                0x000000000000b3e8                mbedtls_cipher_finish
 .text.mbedtls_cipher_set_padding_mode
                0x000000000000b558       0xc4 ./mbedtls/library/cipher.o
                0x000000000000b558                mbedtls_cipher_set_padding_mode
 .text.mbedtls_cipher_crypt
                0x000000000000b61c       0x88 ./mbedtls/library/cipher.o
                0x000000000000b61c                mbedtls_cipher_crypt
 .text.mbedtls_cipher_auth_encrypt
                0x000000000000b6a4       0x94 ./mbedtls/library/cipher.o
                0x000000000000b6a4                mbedtls_cipher_auth_encrypt
 .text.mbedtls_cipher_auth_decrypt
                0x000000000000b738       0xb0 ./mbedtls/library/cipher.o
                0x000000000000b738                mbedtls_cipher_auth_decrypt
 .text.gcm_ctx_alloc
                0x000000000000b7e8       0x2a ./mbedtls/library/cipher_wrap.o
 .text.gcm_ctx_free
                0x000000000000b812       0x1c ./mbedtls/library/cipher_wrap.o
 .text.ccm_ctx_alloc
                0x000000000000b82e       0x28 ./mbedtls/library/cipher_wrap.o
 .text.ccm_ctx_free
                0x000000000000b856       0x1c ./mbedtls/library/cipher_wrap.o
 .text.aes_crypt_ecb_wrap
                0x000000000000b872       0x28 ./mbedtls/library/cipher_wrap.o
 .text.aes_crypt_cbc_wrap
                0x000000000000b89a       0x30 ./mbedtls/library/cipher_wrap.o
 .text.aes_crypt_cfb128_wrap
                0x000000000000b8ca       0x34 ./mbedtls/library/cipher_wrap.o
 .text.aes_crypt_ctr_wrap
                0x000000000000b8fe       0x30 ./mbedtls/library/cipher_wrap.o
 .text.aes_setkey_dec_wrap
                0x000000000000b92e       0x20 ./mbedtls/library/cipher_wrap.o
 .text.aes_setkey_enc_wrap
                0x000000000000b94e       0x20 ./mbedtls/library/cipher_wrap.o
 .text.aes_ctx_alloc
                0x000000000000b96e       0x2e ./mbedtls/library/cipher_wrap.o
 .text.aes_ctx_free
                0x000000000000b99c       0x1c ./mbedtls/library/cipher_wrap.o
 .text.gcm_aes_setkey_wrap
                0x000000000000b9b8       0x22 ./mbedtls/library/cipher_wrap.o
 .text.ccm_aes_setkey_wrap
                0x000000000000b9da       0x22 ./mbedtls/library/cipher_wrap.o
 .text.camellia_crypt_ecb_wrap
                0x000000000000b9fc       0x28 ./mbedtls/library/cipher_wrap.o
 .text.camellia_crypt_cbc_wrap
                0x000000000000ba24       0x30 ./mbedtls/library/cipher_wrap.o
 .text.camellia_crypt_cfb128_wrap
                0x000000000000ba54       0x34 ./mbedtls/library/cipher_wrap.o
 .text.camellia_crypt_ctr_wrap
                0x000000000000ba88       0x30 ./mbedtls/library/cipher_wrap.o
 .text.camellia_setkey_dec_wrap
                0x000000000000bab8       0x20 ./mbedtls/library/cipher_wrap.o
 .text.camellia_setkey_enc_wrap
                0x000000000000bad8       0x20 ./mbedtls/library/cipher_wrap.o
 .text.camellia_ctx_alloc
                0x000000000000baf8       0x2e ./mbedtls/library/cipher_wrap.o
 .text.camellia_ctx_free
                0x000000000000bb26       0x1c ./mbedtls/library/cipher_wrap.o
 .text.gcm_camellia_setkey_wrap
                0x000000000000bb42       0x22 ./mbedtls/library/cipher_wrap.o
 .text.ccm_camellia_setkey_wrap
                0x000000000000bb64       0x22 ./mbedtls/library/cipher_wrap.o
 .text.des_crypt_ecb_wrap
                0x000000000000bb86       0x24 ./mbedtls/library/cipher_wrap.o
 .text.des3_crypt_ecb_wrap
                0x000000000000bbaa       0x24 ./mbedtls/library/cipher_wrap.o
 .text.des_crypt_cbc_wrap
                0x000000000000bbce       0x30 ./mbedtls/library/cipher_wrap.o
 .text.des3_crypt_cbc_wrap
                0x000000000000bbfe       0x30 ./mbedtls/library/cipher_wrap.o
 .text.des_setkey_dec_wrap
                0x000000000000bc2e       0x1e ./mbedtls/library/cipher_wrap.o
 .text.des_setkey_enc_wrap
                0x000000000000bc4c       0x1e ./mbedtls/library/cipher_wrap.o
 .text.des3_set2key_dec_wrap
                0x000000000000bc6a       0x1e ./mbedtls/library/cipher_wrap.o
 .text.des3_set2key_enc_wrap
                0x000000000000bc88       0x1e ./mbedtls/library/cipher_wrap.o
 .text.des3_set3key_dec_wrap
                0x000000000000bca6       0x1e ./mbedtls/library/cipher_wrap.o
 .text.des3_set3key_enc_wrap
                0x000000000000bcc4       0x1e ./mbedtls/library/cipher_wrap.o
 .text.des_ctx_alloc
                0x000000000000bce2       0x2c ./mbedtls/library/cipher_wrap.o
 .text.des_ctx_free
                0x000000000000bd0e       0x1c ./mbedtls/library/cipher_wrap.o
 .text.des3_ctx_alloc
                0x000000000000bd2a       0x2e ./mbedtls/library/cipher_wrap.o
 .text.des3_ctx_free
                0x000000000000bd58       0x1c ./mbedtls/library/cipher_wrap.o
 .text.mbedtls_zeroize
                0x000000000000bd74       0x32 ./mbedtls/library/ctr_drbg.o
 .text.mbedtls_ctr_drbg_init
                0x000000000000bda6       0x1c ./mbedtls/library/ctr_drbg.o
                0x000000000000bda6                mbedtls_ctr_drbg_init
 .text.mbedtls_ctr_drbg_seed_entropy_len
                0x000000000000bdc2       0x76 ./mbedtls/library/ctr_drbg.o
                0x000000000000bdc2                mbedtls_ctr_drbg_seed_entropy_len
 .text.mbedtls_ctr_drbg_seed
                0x000000000000be38       0x2c ./mbedtls/library/ctr_drbg.o
                0x000000000000be38                mbedtls_ctr_drbg_seed
 .text.mbedtls_ctr_drbg_free
                0x000000000000be64       0x2c ./mbedtls/library/ctr_drbg.o
                0x000000000000be64                mbedtls_ctr_drbg_free
 .text.block_cipher_df
                0x000000000000be90      0x278 ./mbedtls/library/ctr_drbg.o
 .text.ctr_drbg_update_internal
                0x000000000000c108       0xd4 ./mbedtls/library/ctr_drbg.o
 .text.mbedtls_ctr_drbg_reseed
                0x000000000000c1dc       0xf6 ./mbedtls/library/ctr_drbg.o
                0x000000000000c1dc                mbedtls_ctr_drbg_reseed
 .text.mbedtls_ctr_drbg_random_with_add
                0x000000000000c2d2      0x122 ./mbedtls/library/ctr_drbg.o
                0x000000000000c2d2                mbedtls_ctr_drbg_random_with_add
 .text.mbedtls_ctr_drbg_random
                0x000000000000c3f4       0x2c ./mbedtls/library/ctr_drbg.o
                0x000000000000c3f4                mbedtls_ctr_drbg_random
 .text.debug_send_line
                0x000000000000c420       0x2e ./mbedtls/library/debug.o
 *fill*         0x000000000000c44e        0x2 ff
 .text.mbedtls_debug_print_msg
                0x000000000000c450       0xcc ./mbedtls/library/debug.o
                0x000000000000c450                mbedtls_debug_print_msg
 .text.mbedtls_debug_print_ret
                0x000000000000c51c       0xa4 ./mbedtls/library/debug.o
                0x000000000000c51c                mbedtls_debug_print_ret
 .text.mbedtls_debug_print_buf
                0x000000000000c5c0      0x278 ./mbedtls/library/debug.o
                0x000000000000c5c0                mbedtls_debug_print_buf
 .text.mbedtls_debug_print_ecp
                0x000000000000c838       0xcc ./mbedtls/library/debug.o
                0x000000000000c838                mbedtls_debug_print_ecp
 .text.mbedtls_debug_print_mpi
                0x000000000000c904      0x2f0 ./mbedtls/library/debug.o
                0x000000000000c904                mbedtls_debug_print_mpi
 .text.debug_print_pk
                0x000000000000cbf4      0x13c ./mbedtls/library/debug.o
 .text.debug_print_line_by_line
                0x000000000000cd30       0xc2 ./mbedtls/library/debug.o
 *fill*         0x000000000000cdf2        0x2 ff
 .text.mbedtls_debug_print_crt
                0x000000000000cdf4      0x11c ./mbedtls/library/debug.o
                0x000000000000cdf4                mbedtls_debug_print_crt
 .text.mbedtls_zeroize
                0x000000000000cf10       0x32 ./mbedtls/library/des.o
 .text.mbedtls_des_init
                0x000000000000cf42       0x1a ./mbedtls/library/des.o
                0x000000000000cf42                mbedtls_des_init
 .text.mbedtls_des_free
                0x000000000000cf5c       0x20 ./mbedtls/library/des.o
                0x000000000000cf5c                mbedtls_des_free
 .text.mbedtls_des3_init
                0x000000000000cf7c       0x1c ./mbedtls/library/des.o
                0x000000000000cf7c                mbedtls_des3_init
 .text.mbedtls_des3_free
                0x000000000000cf98       0x22 ./mbedtls/library/des.o
                0x000000000000cf98                mbedtls_des3_free
 .text.mbedtls_des_crypt_cbc
                0x000000000000cfba       0xf8 ./mbedtls/library/des.o
                0x000000000000cfba                mbedtls_des_crypt_cbc
 .text.mbedtls_des3_crypt_cbc
                0x000000000000d0b2       0xf8 ./mbedtls/library/des.o
                0x000000000000d0b2                mbedtls_des3_crypt_cbc
 .text.mbedtls_zeroize
                0x000000000000d1aa       0x32 ./mbedtls/library/dhm.o
 .text.dhm_read_bignum
                0x000000000000d1dc       0x84 ./mbedtls/library/dhm.o
 .text.dhm_check_range
                0x000000000000d260       0xa4 ./mbedtls/library/dhm.o
 .text.mbedtls_dhm_init
                0x000000000000d304       0x1a ./mbedtls/library/dhm.o
                0x000000000000d304                mbedtls_dhm_init
 .text.mbedtls_dhm_read_params
                0x000000000000d31e       0x8a ./mbedtls/library/dhm.o
                0x000000000000d31e                mbedtls_dhm_read_params
 .text.mbedtls_dhm_make_params
                0x000000000000d3a8      0x1f8 ./mbedtls/library/dhm.o
                0x000000000000d3a8                mbedtls_dhm_make_params
 .text.mbedtls_dhm_read_public
                0x000000000000d5a0       0x54 ./mbedtls/library/dhm.o
                0x000000000000d5a0                mbedtls_dhm_read_public
 .text.mbedtls_dhm_make_public
                0x000000000000d5f4      0x12c ./mbedtls/library/dhm.o
                0x000000000000d5f4                mbedtls_dhm_make_public
 .text.dhm_update_blinding
                0x000000000000d720      0x1e6 ./mbedtls/library/dhm.o
 *fill*         0x000000000000d906        0x2 ff
 .text.mbedtls_dhm_calc_secret
                0x000000000000d908      0x188 ./mbedtls/library/dhm.o
                0x000000000000d908                mbedtls_dhm_calc_secret
 .text.mbedtls_dhm_free
                0x000000000000da90       0x7c ./mbedtls/library/dhm.o
                0x000000000000da90                mbedtls_dhm_free
 .text.mbedtls_ecdh_gen_public
                0x000000000000db0c       0x28 ./mbedtls/library/ecdh.o
                0x000000000000db0c                mbedtls_ecdh_gen_public
 .text.mbedtls_ecdh_compute_shared
                0x000000000000db34       0x90 ./mbedtls/library/ecdh.o
                0x000000000000db34                mbedtls_ecdh_compute_shared
 .text.mbedtls_ecdh_init
                0x000000000000dbc4       0x1c ./mbedtls/library/ecdh.o
                0x000000000000dbc4                mbedtls_ecdh_init
 .text.mbedtls_ecdh_free
                0x000000000000dbe0       0x6a ./mbedtls/library/ecdh.o
                0x000000000000dbe0                mbedtls_ecdh_free
 *fill*         0x000000000000dc4a        0x2 ff
 .text.mbedtls_ecdh_make_params
                0x000000000000dc4c       0xb4 ./mbedtls/library/ecdh.o
                0x000000000000dc4c                mbedtls_ecdh_make_params
 .text.mbedtls_ecdh_read_params
                0x000000000000dd00       0x56 ./mbedtls/library/ecdh.o
                0x000000000000dd00                mbedtls_ecdh_read_params
 *fill*         0x000000000000dd56        0x2 ff
 .text.mbedtls_ecdh_get_params
                0x000000000000dd58       0x94 ./mbedtls/library/ecdh.o
                0x000000000000dd58                mbedtls_ecdh_get_params
 .text.mbedtls_ecdh_make_public
                0x000000000000ddec       0x70 ./mbedtls/library/ecdh.o
                0x000000000000ddec                mbedtls_ecdh_make_public
 .text.mbedtls_ecdh_read_public
                0x000000000000de5c       0x58 ./mbedtls/library/ecdh.o
                0x000000000000de5c                mbedtls_ecdh_read_public
 .text.mbedtls_ecdh_calc_secret
                0x000000000000deb4       0x9c ./mbedtls/library/ecdh.o
                0x000000000000deb4                mbedtls_ecdh_calc_secret
 .text.derive_mpi
                0x000000000000df50       0x98 ./mbedtls/library/ecdsa.o
 .text.mbedtls_ecdsa_sign
                0x000000000000dfe8      0x270 ./mbedtls/library/ecdsa.o
                0x000000000000dfe8                mbedtls_ecdsa_sign
 .text.mbedtls_ecdsa_sign_det
                0x000000000000e258      0x118 ./mbedtls/library/ecdsa.o
                0x000000000000e258                mbedtls_ecdsa_sign_det
 .text.mbedtls_ecdsa_verify
                0x000000000000e370      0x21c ./mbedtls/library/ecdsa.o
                0x000000000000e370                mbedtls_ecdsa_verify
 .text.ecdsa_signature_to_asn1
                0x000000000000e58c       0xfe ./mbedtls/library/ecdsa.o
 .text.mbedtls_ecdsa_write_signature
                0x000000000000e68a       0x86 ./mbedtls/library/ecdsa.o
                0x000000000000e68a                mbedtls_ecdsa_write_signature
 .text.mbedtls_ecdsa_read_signature
                0x000000000000e710       0xfc ./mbedtls/library/ecdsa.o
                0x000000000000e710                mbedtls_ecdsa_read_signature
 .text.mbedtls_ecdsa_from_keypair
                0x000000000000e80c       0x62 ./mbedtls/library/ecdsa.o
                0x000000000000e80c                mbedtls_ecdsa_from_keypair
 .text.mbedtls_ecdsa_init
                0x000000000000e86e       0x16 ./mbedtls/library/ecdsa.o
                0x000000000000e86e                mbedtls_ecdsa_init
 .text.mbedtls_ecdsa_free
                0x000000000000e884       0x16 ./mbedtls/library/ecdsa.o
                0x000000000000e884                mbedtls_ecdsa_free
 .text.mbedtls_zeroize
                0x000000000000e89a       0x32 ./mbedtls/library/ecp.o
 .text.mbedtls_ecp_curve_list
                0x000000000000e8cc       0x14 ./mbedtls/library/ecp.o
                0x000000000000e8cc                mbedtls_ecp_curve_list
 .text.mbedtls_ecp_grp_id_list
                0x000000000000e8e0       0x58 ./mbedtls/library/ecp.o
                0x000000000000e8e0                mbedtls_ecp_grp_id_list
 .text.mbedtls_ecp_curve_info_from_grp_id
                0x000000000000e938       0x38 ./mbedtls/library/ecp.o
                0x000000000000e938                mbedtls_ecp_curve_info_from_grp_id
 .text.mbedtls_ecp_curve_info_from_tls_id
                0x000000000000e970       0x38 ./mbedtls/library/ecp.o
                0x000000000000e970                mbedtls_ecp_curve_info_from_tls_id
 .text.ecp_get_type
                0x000000000000e9a8       0x2e ./mbedtls/library/ecp.o
 .text.mbedtls_ecp_point_init
                0x000000000000e9d6       0x34 ./mbedtls/library/ecp.o
                0x000000000000e9d6                mbedtls_ecp_point_init
 .text.mbedtls_ecp_group_init
                0x000000000000ea0a       0x22 ./mbedtls/library/ecp.o
                0x000000000000ea0a                mbedtls_ecp_group_init
 .text.mbedtls_ecp_keypair_init
                0x000000000000ea2c       0x34 ./mbedtls/library/ecp.o
                0x000000000000ea2c                mbedtls_ecp_keypair_init
 .text.mbedtls_ecp_point_free
                0x000000000000ea60       0x34 ./mbedtls/library/ecp.o
                0x000000000000ea60                mbedtls_ecp_point_free
 .text.mbedtls_ecp_group_free
                0x000000000000ea94       0x98 ./mbedtls/library/ecp.o
                0x000000000000ea94                mbedtls_ecp_group_free
 .text.mbedtls_ecp_keypair_free
                0x000000000000eb2c       0x34 ./mbedtls/library/ecp.o
                0x000000000000eb2c                mbedtls_ecp_keypair_free
 .text.mbedtls_ecp_copy
                0x000000000000eb60       0x62 ./mbedtls/library/ecp.o
                0x000000000000eb60                mbedtls_ecp_copy
 .text.mbedtls_ecp_group_copy
                0x000000000000ebc2       0x20 ./mbedtls/library/ecp.o
                0x000000000000ebc2                mbedtls_ecp_group_copy
 .text.mbedtls_ecp_set_zero
                0x000000000000ebe2       0x52 ./mbedtls/library/ecp.o
                0x000000000000ebe2                mbedtls_ecp_set_zero
 .text.mbedtls_ecp_is_zero
                0x000000000000ec34       0x28 ./mbedtls/library/ecp.o
                0x000000000000ec34                mbedtls_ecp_is_zero
 .text.mbedtls_ecp_point_write_binary
                0x000000000000ec5c      0x114 ./mbedtls/library/ecp.o
                0x000000000000ec5c                mbedtls_ecp_point_write_binary
 .text.mbedtls_ecp_point_read_binary
                0x000000000000ed70       0xbc ./mbedtls/library/ecp.o
                0x000000000000ed70                mbedtls_ecp_point_read_binary
 .text.mbedtls_ecp_tls_read_point
                0x000000000000ee2c       0x68 ./mbedtls/library/ecp.o
                0x000000000000ee2c                mbedtls_ecp_tls_read_point
 .text.mbedtls_ecp_tls_write_point
                0x000000000000ee94       0x60 ./mbedtls/library/ecp.o
                0x000000000000ee94                mbedtls_ecp_tls_write_point
 .text.mbedtls_ecp_tls_read_group
                0x000000000000eef4       0x84 ./mbedtls/library/ecp.o
                0x000000000000eef4                mbedtls_ecp_tls_read_group
 .text.mbedtls_ecp_tls_write_group
                0x000000000000ef78       0x70 ./mbedtls/library/ecp.o
                0x000000000000ef78                mbedtls_ecp_tls_write_group
 .text.ecp_modp
                0x000000000000efe8       0xd4 ./mbedtls/library/ecp.o
 .text.ecp_normalize_jac
                0x000000000000f0bc      0x188 ./mbedtls/library/ecp.o
 .text.ecp_normalize_jac_many
                0x000000000000f244      0x40c ./mbedtls/library/ecp.o
 .text.ecp_safe_invert_jac
                0x000000000000f650       0x88 ./mbedtls/library/ecp.o
 .text.ecp_double_jac
                0x000000000000f6d8      0x88c ./mbedtls/library/ecp.o
 .text.ecp_add_mixed
                0x000000000000ff64      0x710 ./mbedtls/library/ecp.o
 .text.ecp_randomize_jac
                0x0000000000010674      0x1f4 ./mbedtls/library/ecp.o
 .text.ecp_comb_fixed
                0x0000000000010868      0x158 ./mbedtls/library/ecp.o
 .text.ecp_precompute_comb
                0x00000000000109c0      0x1c2 ./mbedtls/library/ecp.o
 .text.ecp_select_comb
                0x0000000000010b82       0xc0 ./mbedtls/library/ecp.o
 .text.ecp_mul_comb_core
                0x0000000000010c42       0xec ./mbedtls/library/ecp.o
 *fill*         0x0000000000010d2e        0x2 ff
 .text.ecp_mul_comb
                0x0000000000010d30      0x2b4 ./mbedtls/library/ecp.o
 .text.mbedtls_ecp_mul
                0x0000000000010fe4       0x7c ./mbedtls/library/ecp.o
                0x0000000000010fe4                mbedtls_ecp_mul
 .text.ecp_check_pubkey_sw
                0x0000000000011060      0x288 ./mbedtls/library/ecp.o
 .text.mbedtls_ecp_mul_shortcuts
                0x00000000000112e8       0xa2 ./mbedtls/library/ecp.o
 *fill*         0x000000000001138a        0x2 ff
 .text.ecp_add  0x000000000001138c       0x54 ./mbedtls/library/ecp.o
                0x000000000001138c                ecp_add
 .text.mbedtls_ecp_muladd
                0x00000000000113e0       0x88 ./mbedtls/library/ecp.o
                0x00000000000113e0                mbedtls_ecp_muladd
 .text.mbedtls_ecp_check_pubkey
                0x0000000000011468       0x4c ./mbedtls/library/ecp.o
                0x0000000000011468                mbedtls_ecp_check_pubkey
 .text.mbedtls_ecp_check_privkey
                0x00000000000114b4       0x50 ./mbedtls/library/ecp.o
                0x00000000000114b4                mbedtls_ecp_check_privkey
 .text.mbedtls_ecp_gen_keypair_base
                0x0000000000011504       0xdc ./mbedtls/library/ecp.o
                0x0000000000011504                mbedtls_ecp_gen_keypair_base
 .text.mbedtls_ecp_gen_keypair
                0x00000000000115e0       0x30 ./mbedtls/library/ecp.o
                0x00000000000115e0                mbedtls_ecp_gen_keypair
 .text.mbedtls_ecp_check_pub_priv
                0x0000000000011610      0x134 ./mbedtls/library/ecp.o
                0x0000000000011610                mbedtls_ecp_check_pub_priv
 .text.ecp_mpi_load
                0x0000000000011744       0x2c ./mbedtls/library/ecp_curves.o
 .text.ecp_mpi_set1
                0x0000000000011770       0x2c ./mbedtls/library/ecp_curves.o
 .text.ecp_group_load
                0x000000000001179c       0xa2 ./mbedtls/library/ecp_curves.o
 *fill*         0x000000000001183e        0x2 ff
 .text.mbedtls_ecp_group_load
                0x0000000000011840      0x1a4 ./mbedtls/library/ecp_curves.o
                0x0000000000011840                mbedtls_ecp_group_load
 .text.add64    0x00000000000119e4       0x8c ./mbedtls/library/ecp_curves.o
 .text.carry64  0x0000000000011a70       0x56 ./mbedtls/library/ecp_curves.o
 .text.ecp_mod_p192
                0x0000000000011ac6      0x100 ./mbedtls/library/ecp_curves.o
 .text.add32    0x0000000000011bc6       0x46 ./mbedtls/library/ecp_curves.o
 .text.sub32    0x0000000000011c0c       0x46 ./mbedtls/library/ecp_curves.o
 .text.fix_negative
                0x0000000000011c52       0x54 ./mbedtls/library/ecp_curves.o
 .text.ecp_mod_p224
                0x0000000000011ca6      0x492 ./mbedtls/library/ecp_curves.o
 .text.ecp_mod_p256
                0x0000000000012138      0x83a ./mbedtls/library/ecp_curves.o
 .text.ecp_mod_p384
                0x0000000000012972      0xab4 ./mbedtls/library/ecp_curves.o
 .text.mbedtls_zeroize
                0x0000000000013426       0x32 ./mbedtls/library/entropy.o
 .text.mbedtls_entropy_init
                0x0000000000013458       0x3c ./mbedtls/library/entropy.o
                0x0000000000013458                mbedtls_entropy_init
 .text.mbedtls_entropy_free
                0x0000000000013494       0x1a ./mbedtls/library/entropy.o
                0x0000000000013494                mbedtls_entropy_free
 .text.mbedtls_entropy_add_source
                0x00000000000134ae       0x94 ./mbedtls/library/entropy.o
                0x00000000000134ae                mbedtls_entropy_add_source
 .text.entropy_update
                0x0000000000013542       0x68 ./mbedtls/library/entropy.o
 .text.entropy_gather_internal
                0x00000000000135aa      0x102 ./mbedtls/library/entropy.o
 .text.mbedtls_entropy_func
                0x00000000000136ac      0x12c ./mbedtls/library/entropy.o
                0x00000000000136ac                mbedtls_entropy_func
 .text.mbedtls_zeroize
                0x00000000000137d8       0x32 ./mbedtls/library/gcm.o
 .text.mbedtls_gcm_init
                0x000000000001380a       0x1c ./mbedtls/library/gcm.o
                0x000000000001380a                mbedtls_gcm_init
 .text.gcm_gen_table
                0x0000000000013826      0x2b2 ./mbedtls/library/gcm.o
 .text.mbedtls_gcm_setkey
                0x0000000000013ad8       0x8a ./mbedtls/library/gcm.o
                0x0000000000013ad8                mbedtls_gcm_setkey
 *fill*         0x0000000000013b62        0x2 ff
 .text.gcm_mult
                0x0000000000013b64      0x3b0 ./mbedtls/library/gcm.o
 .text.mbedtls_gcm_starts
                0x0000000000013f14      0x260 ./mbedtls/library/gcm.o
                0x0000000000013f14                mbedtls_gcm_starts
 .text.mbedtls_gcm_update
                0x0000000000014174      0x1e0 ./mbedtls/library/gcm.o
                0x0000000000014174                mbedtls_gcm_update
 .text.mbedtls_gcm_finish
                0x0000000000014354      0x250 ./mbedtls/library/gcm.o
                0x0000000000014354                mbedtls_gcm_finish
 .text.mbedtls_gcm_crypt_and_tag
                0x00000000000145a4       0x66 ./mbedtls/library/gcm.o
                0x00000000000145a4                mbedtls_gcm_crypt_and_tag
 .text.mbedtls_gcm_auth_decrypt
                0x000000000001460a       0x98 ./mbedtls/library/gcm.o
                0x000000000001460a                mbedtls_gcm_auth_decrypt
 .text.mbedtls_gcm_free
                0x00000000000146a2       0x22 ./mbedtls/library/gcm.o
                0x00000000000146a2                mbedtls_gcm_free
 .text.mbedtls_zeroize
                0x00000000000146c4       0x32 ./mbedtls/library/hmac_drbg.o
 .text.mbedtls_hmac_drbg_init
                0x00000000000146f6       0x1a ./mbedtls/library/hmac_drbg.o
                0x00000000000146f6                mbedtls_hmac_drbg_init
 .text.mbedtls_hmac_drbg_update
                0x0000000000014710       0xca ./mbedtls/library/hmac_drbg.o
                0x0000000000014710                mbedtls_hmac_drbg_update
 .text.mbedtls_hmac_drbg_seed_buf
                0x00000000000147da       0x6c ./mbedtls/library/hmac_drbg.o
                0x00000000000147da                mbedtls_hmac_drbg_seed_buf
 .text.mbedtls_hmac_drbg_reseed
                0x0000000000014846       0xe0 ./mbedtls/library/hmac_drbg.o
                0x0000000000014846                mbedtls_hmac_drbg_reseed
 .text.mbedtls_hmac_drbg_random_with_add
                0x0000000000014926      0x104 ./mbedtls/library/hmac_drbg.o
                0x0000000000014926                mbedtls_hmac_drbg_random_with_add
 .text.mbedtls_hmac_drbg_random
                0x0000000000014a2a       0x2c ./mbedtls/library/hmac_drbg.o
                0x0000000000014a2a                mbedtls_hmac_drbg_random
 .text.mbedtls_hmac_drbg_free
                0x0000000000014a56       0x28 ./mbedtls/library/hmac_drbg.o
                0x0000000000014a56                mbedtls_hmac_drbg_free
 .text.mbedtls_zeroize
                0x0000000000014a7e       0x32 ./mbedtls/library/md.o
 .text.mbedtls_md_info_from_type
                0x0000000000014ab0       0x70 ./mbedtls/library/md.o
                0x0000000000014ab0                mbedtls_md_info_from_type
 .text.mbedtls_md_init
                0x0000000000014b20       0x1a ./mbedtls/library/md.o
                0x0000000000014b20                mbedtls_md_init
 .text.mbedtls_md_free
                0x0000000000014b3a       0x64 ./mbedtls/library/md.o
                0x0000000000014b3a                mbedtls_md_free
 *fill*         0x0000000000014b9e        0x2 ff
 .text.mbedtls_md_setup
                0x0000000000014ba0       0x80 ./mbedtls/library/md.o
                0x0000000000014ba0                mbedtls_md_setup
 .text.mbedtls_md_starts
                0x0000000000014c20       0x38 ./mbedtls/library/md.o
                0x0000000000014c20                mbedtls_md_starts
 .text.mbedtls_md_update
                0x0000000000014c58       0x3c ./mbedtls/library/md.o
                0x0000000000014c58                mbedtls_md_update
 .text.mbedtls_md_finish
                0x0000000000014c94       0x3c ./mbedtls/library/md.o
                0x0000000000014c94                mbedtls_md_finish
 .text.mbedtls_md
                0x0000000000014cd0       0x34 ./mbedtls/library/md.o
                0x0000000000014cd0                mbedtls_md
 .text.mbedtls_md_hmac_starts
                0x0000000000014d04      0x130 ./mbedtls/library/md.o
                0x0000000000014d04                mbedtls_md_hmac_starts
 .text.mbedtls_md_hmac_update
                0x0000000000014e34       0x44 ./mbedtls/library/md.o
                0x0000000000014e34                mbedtls_md_hmac_update
 .text.mbedtls_md_hmac_finish
                0x0000000000014e78       0x9c ./mbedtls/library/md.o
                0x0000000000014e78                mbedtls_md_hmac_finish
 .text.mbedtls_md_hmac_reset
                0x0000000000014f14       0x58 ./mbedtls/library/md.o
                0x0000000000014f14                mbedtls_md_hmac_reset
 .text.mbedtls_md_process
                0x0000000000014f6c       0x3c ./mbedtls/library/md.o
                0x0000000000014f6c                mbedtls_md_process
 .text.mbedtls_md_get_size
                0x0000000000014fa8       0x24 ./mbedtls/library/md.o
                0x0000000000014fa8                mbedtls_md_get_size
 .text.mbedtls_md_get_type
                0x0000000000014fcc       0x22 ./mbedtls/library/md.o
                0x0000000000014fcc                mbedtls_md_get_type
 .text.mbedtls_md_get_name
                0x0000000000014fee       0x22 ./mbedtls/library/md.o
                0x0000000000014fee                mbedtls_md_get_name
 .text.mbedtls_zeroize
                0x0000000000015010       0x32 ./mbedtls/library/md5.o
 .text.mbedtls_md5_init
                0x0000000000015042       0x1a ./mbedtls/library/md5.o
                0x0000000000015042                mbedtls_md5_init
 .text.mbedtls_md5_free
                0x000000000001505c       0x20 ./mbedtls/library/md5.o
                0x000000000001505c                mbedtls_md5_free
 .text.mbedtls_md5_clone
                0x000000000001507c       0x22 ./mbedtls/library/md5.o
                0x000000000001507c                mbedtls_md5_clone
 *fill*         0x000000000001509e        0x2 ff
 .text.mbedtls_md5_starts
                0x00000000000150a0       0x48 ./mbedtls/library/md5.o
                0x00000000000150a0                mbedtls_md5_starts
 .text.mbedtls_md5_update
                0x00000000000150e8       0xce ./mbedtls/library/md5.o
                0x00000000000150e8                mbedtls_md5_update
 *fill*         0x00000000000151b6        0x2 ff
 .text.mbedtls_md5_finish
                0x00000000000151b8      0x178 ./mbedtls/library/md5.o
                0x00000000000151b8                mbedtls_md5_finish
 .text.mbedtls_md5
                0x0000000000015330       0x4c ./mbedtls/library/md5.o
                0x0000000000015330                mbedtls_md5
 .text.md5_starts_wrap
                0x000000000001537c       0x16 ./mbedtls/library/md_wrap.o
 .text.md5_update_wrap
                0x0000000000015392       0x1e ./mbedtls/library/md_wrap.o
 .text.md5_finish_wrap
                0x00000000000153b0       0x1a ./mbedtls/library/md_wrap.o
 .text.md5_ctx_alloc