fsl_clock.h:688:20:CLOCK_EnableClock	24	static
fsl_clock.h:699:20:CLOCK_DisableClock	24	static
fsl_clock.h:710:20:CLOCK_SetEr32kClock	16	static
fsl_clock.h:760:20:CLOCK_SetPllFllSelClock	16	static
fsl_clock.h:1186:20:OSC_SetExtRefClkConfig	24	static
fsl_clock.h:1212:20:OSC_SetCapLoad	24	static
fsl_clock.c:204:6:CLOCK_FllStableDelay	16	static
fsl_clock.c:224:17:CLOCK_GetMcgExtClkFreq	16	static
fsl_clock.c:251:17:CLOCK_GetFllExtRefClkFreq	16	static
fsl_clock.c:305:17:CLOCK_GetInternalRefClkSelectFreq	4	static
fsl_clock.c:319:17:CLOCK_GetFllRefClkFreq	8	static
fsl_clock.c:333:17:CLOCK_GetPll0RefFreq	8	static
fsl_clock.c:339:16:CLOCK_GetOscRangeFromFreq	24	static
fsl_clock.c:359:10:CLOCK_GetOsc0ErClkFreq	8	static
fsl_clock.c:373:10:CLOCK_GetEr32kClkFreq	16	static
fsl_clock.c:397:10:CLOCK_GetPllFllSelClkFreq	16	static
fsl_clock.c:420:10:CLOCK_GetPlatClkFreq	8	static
fsl_clock.c:425:10:CLOCK_GetFlashClkFreq	8	static
fsl_clock.c:430:10:CLOCK_GetFlexBusClkFreq	8	static
fsl_clock.c:435:10:CLOCK_GetBusClkFreq	8	static
fsl_clock.c:440:10:CLOCK_GetCoreSysClkFreq	8	static
fsl_clock.c:445:10:CLOCK_GetFreq	24	static
fsl_clock.c:499:6:CLOCK_SetSimConfig	16	static
fsl_clock.c:506:6:CLOCK_EnableUsbfs0Clock	24	static
fsl_clock.c:550:10:CLOCK_GetOutClkFreq	16	static
fsl_clock.c:576:10:CLOCK_GetFllFreq	16	static
fsl_clock.c:602:10:CLOCK_GetInternalRefClkFreq	8	static
fsl_clock.c:613:10:CLOCK_GetFixedFreqClkFreq	16	static
fsl_clock.c:628:10:CLOCK_GetPll0Freq	16	static
fsl_clock.c:652:10:CLOCK_SetExternalRefClkConfig	24	static
fsl_clock.c:689:10:CLOCK_SetInternalRefClkConfig	24	static
fsl_clock.c:737:10:CLOCK_CalcPllDiv	48	static
fsl_clock.c:834:6:CLOCK_EnablePll0	24	static
fsl_clock.c:854:6:CLOCK_SetOsc0MonitorMode	16	static
fsl_clock.c:877:6:CLOCK_SetRtcOscMonitorMode	24	static
fsl_clock.c:894:6:CLOCK_SetPll0MonitorMode	24	static
fsl_clock.c:924:10:CLOCK_GetStatusFlags	16	static
fsl_clock.c:952:6:CLOCK_ClearStatusFlags	24	static
fsl_clock.c:971:6:CLOCK_InitOsc0	24	static
fsl_clock.c:989:6:CLOCK_DeinitOsc0	4	static
fsl_clock.c:995:10:CLOCK_TrimInternalRefClk	40	static
fsl_clock.c:1071:12:CLOCK_GetMode	32	static
fsl_clock.c:1171:10:CLOCK_SetFeiMode	24	static
fsl_clock.c:1231:10:CLOCK_SetFeeMode	24	static
fsl_clock.c:1309:10:CLOCK_SetFbiMode	24	static
fsl_clock.c:1373:10:CLOCK_SetFbeMode	24	static
fsl_clock.c:1456:10:CLOCK_SetBlpiMode	4	static
fsl_clock.c:1471:10:CLOCK_SetBlpeMode	4	static
fsl_clock.c:1486:10:CLOCK_SetPbeMode	16	static
fsl_clock.c:1527:10:CLOCK_SetPeeMode	4	static
fsl_clock.c:1548:10:CLOCK_ExternalModeToFbeModeQuick	4	static
fsl_clock.c:1574:10:CLOCK_InternalModeToFbiModeQuick	4	static
fsl_clock.c:1594:10:CLOCK_BootToFeiMode	16	static
fsl_clock.c:1599:10:CLOCK_BootToFeeMode	24	static
fsl_clock.c:1607:10:CLOCK_BootToBlpiMode	16	static
fsl_clock.c:1624:10:CLOCK_BootToBlpeMode	16	static
fsl_clock.c:1656:10:CLOCK_BootToPeeMode	16	static
fsl_clock.c:1702:10:CLOCK_SetMcgConfig	32	static
