fsl_clock.h:688:20:CLOCK_EnableClock	24	static
lwip_mqtt.c:139:12:SetDynamicString	24	static
lwip_mqtt.c:157:5:APP_SendMsg	16	static
lwip_mqtt.c:179:13:my_debug	24	static
lwip_mqtt.c:192:6:MQTT_TlsClose	8	static
lwip_mqtt.c:200:12:TLS_Init	24	static
lwip_mqtt.c:279:13:mqtt_incoming_publish_cb	24	static
lwip_mqtt.c:294:13:mqtt_incoming_data_cb	24	static
lwip_mqtt.c:316:13:mqtt_sub_request_cb	16	static
lwip_mqtt.c:323:13:my_mqtt_subscribe	32	static
lwip_mqtt.c:337:13:mqtt_connection_cb	24	static
lwip_mqtt.c:353:12:mqtt_do_connect	56	static
lwip_mqtt.c:386:13:mqtt_pub_request_cb	16	static
lwip_mqtt.c:392:13:my_mqtt_publish	48	static
lwip_mqtt.c:404:13:publish_message	40	static
lwip_mqtt.c:417:6:FRTOS1_vApplicationStackOverflowHook	16	static
lwip_mqtt.c:431:6:FRTOS1_vApplicationIdleHook	4	static
lwip_mqtt.c:440:6:FRTOS1_vApplicationMallocFailedHook	4	static
lwip_mqtt.c:457:6:FRTOS1_vApplicationTickHook	8	static
lwip_mqtt.c:471:12:mqtt_do_tls_handshake	24	static
lwip_mqtt.c:491:29:MQTT_State_toStr	16	static
lwip_mqtt.c:510:13:MqttDoStateMachine	32	static
lwip_mqtt.c:610:13:ProcessLWIP	16	static
lwip_mqtt.c:723:15:APP_GetNetworkInterface	4	static
lwip_mqtt.c:727:13:StartNetworkInterface	40	static
lwip_mqtt.c:769:13:AppTask	16	static
lwip_mqtt.c:795:13:APP_Run	32	static
lwip_mqtt.c:856:5:main	16	static
lwip_mqtt.c:908:14:random32	16	static
lwip_mqtt.c:917:16:ShellDoConnect	32	static
lwip_mqtt.c:933:16:ShellDoDisconnect	32	static
lwip_mqtt.c:956:16:ShellDoPublish	40	static
lwip_mqtt.c:974:16:ShellDoSubscribe	32	static
lwip_mqtt.c:992:16:PrintStatus	64	static
lwip_mqtt.c:1052:9:MQTT_ParseCommand	144	static
