fsl_mmcau.c:53:13:mmcau_memcpy	32	static
fsl_mmcau.c:67:20:mmcau_align_const	32	static
fsl_mmcau.c:81:14:mmcau_align	32	static
fsl_mmcau.c:100:17:mmcau_AesCrypt	328	static
fsl_mmcau.c:161:17:mmcau_DesCrypt	72	static
fsl_mmcau.c:204:17:mmcau_hash_API	136	static
fsl_mmcau.c:240:17:mmcau_hash_MD5API	136	static
fsl_mmcau.c:276:10:MMCAU_AES_SetKey	320	static
fsl_mmcau.c:325:10:MMCAU_AES_EncryptEcb	32	static
fsl_mmcau.c:330:10:MMCAU_AES_DecryptEcb	32	static
fsl_mmcau.c:335:10:MMCAU_DES_ChkParity	32	static
fsl_mmcau.c:365:10:MMCAU_DES_EncryptEcb	24	static
fsl_mmcau.c:370:10:MMCAU_DES_DecryptEcb	24	static
fsl_mmcau.c:376:10:MMCAU_MD5_InitializeOutput	64	static
fsl_mmcau.c:408:10:MMCAU_MD5_HashN	32	static
fsl_mmcau.c:414:10:MMCAU_MD5_Update	32	static
fsl_mmcau.c:420:10:MMCAU_SHA1_InitializeOutput	64	static
fsl_mmcau.c:452:10:MMCAU_SHA1_HashN	32	static
fsl_mmcau.c:458:10:MMCAU_SHA1_Update	32	static
fsl_mmcau.c:464:10:MMCAU_SHA256_InitializeOutput	64	static
fsl_mmcau.c:504:10:MMCAU_SHA256_HashN	32	static
fsl_mmcau.c:510:10:MMCAU_SHA256_Update	32	static
