dns.c:280:1:dns_init	4	static
dns.c:326:1:dns_setserver	16	static
dns.c:346:1:dns_getserver	16	static
dns.c:360:1:dns_tmr	8	static
dns.c:523:1:dns_lookup	24	static
dns.c:569:1:dns_compare_name	40	static
dns.c:616:1:dns_skip_name	24	static
dns.c:653:1:dns_send	64	static
dns.c:736:1:dns_alloc_random_port	24	static
dns.c:770:1:dns_alloc_pcb	24	static
dns.c:812:1:dns_call_found	32	static
dns.c:870:1:dns_create_txid	16	static
dns.c:900:1:dns_check_entry	24	static
dns.c:973:1:dns_check_entries	16	static
dns.c:986:1:dns_correct_response	24	static
dns.c:1018:1:dns_recv	80	static
dns.c:1197:1:dns_enqueue	48	static
dns.c:1343:1:dns_gethostbyname	32	static
dns.c:1364:1:dns_gethostbyname_addrtype	32	static
