CLS1.c:163:6:CLS1_SendCh	16	static
CLS1.c:189:6:CLS1_SendStr	16	static
CLS1.c:211:6:CLS1_SendNum32s	32	static
CLS1.c:231:6:CLS1_SendNum32u	32	static
CLS1.c:251:6:CLS1_SendNum16s	24	static
CLS1.c:271:6:CLS1_SendNum16u	24	static
CLS1.c:291:6:CLS1_SendNum8u	24	static
CLS1.c:311:6:CLS1_SendNum8s	24	static
CLS1.c:339:9:CLS1_ParseCommand	24	static
CLS1.c:384:6:CLS1_PrintPrompt	16	static
CLS1.c:406:6:CLS1_IsHistoryCharacter	24	static
CLS1.c:467:6:CLS1_ReadLine	32	static
CLS1.c:598:9:CLS1_PrintStatus	16	static
CLS1.c:623:6:CLS1_PrintCommandFailed	16	static
CLS1.c:653:9:CLS1_IterateTable	32	static
CLS1.c:690:9:CLS1_ParseWithCommandTable	64	static
CLS1.c:784:9:CLS1_SetStdio	16	static
CLS1.c:801:24:CLS1_GetStdio	4	static
CLS1.c:830:9:CLS1_ReadAndParseWithCommandTable	32	static
CLS1.c:873:6:CLS1_RequestSerial	4	static
CLS1.c:891:6:CLS1_ReleaseSerial	4	static
CLS1.c:909:7:CLS1_GetSemaphore	4	static
CLS1.c:928:13:SendSeparatedStrings	24	static
CLS1.c:965:6:CLS1_SendHelpStr	32	static
CLS1.c:985:6:CLS1_SendStatusStr	32	static
CLS1.c:1003:6:CLS1_ReadChar	16	static
CLS1.c:1036:6:CLS1_SendChar	16	static
CLS1.c:1056:6:CLS1_KeyPressed	4	static
CLS1.c:1086:6:CLS1_Init	4	static
CLS1.c:1137:6:CLS1_Deinit	4	static
CLS1.c:1166:6:CLS1_SendData	24	static
CLS1.c:1183:6:CLS1_printfPutChar	24	static
CLS1.c:1204:10:CLS1_printfIO	28	static
CLS1.c:1228:10:CLS1_printf	16	static
CLS1.c:1252:6:CLS1_SendCharFct	24	static
