FX1.c:127:16:PrintStatus	56	static
FX1.c:244:16:PrintHelp	16	static
FX1.c:269:9:FX1_GetRaw8XYZ	24	static
FX1.c:286:9:FX1_Deinit	4	static
FX1.c:301:9:FX1_Init	8	static
FX1.c:319:6:FX1_CalibrateX1g	24	static
FX1.c:352:6:FX1_CalibrateY1g	24	static
FX1.c:385:6:FX1_CalibrateZ1g	24	static
FX1.c:418:9:FX1_GetXmg	8	static
FX1.c:433:9:FX1_GetYmg	8	static
FX1.c:448:9:FX1_GetZmg	8	static
FX1.c:464:10:FX1_MeasureGetRawX	24	static
FX1.c:494:10:FX1_MeasureGetRawY	24	static
FX1.c:524:10:FX1_MeasureGetRawZ	24	static
FX1.c:553:9:FX1_GetXOffset	4	static
FX1.c:568:9:FX1_GetYOffset	4	static
FX1.c:583:9:FX1_GetZOffset	4	static
FX1.c:598:9:FX1_GetX1gValue	4	static
FX1.c:613:9:FX1_GetY1gValue	4	static
FX1.c:628:9:FX1_GetZ1gValue	4	static
FX1.c:645:9:FX1_GetX	16	static
FX1.c:666:9:FX1_GetY	16	static
FX1.c:687:9:FX1_GetZ	16	static
FX1.c:713:9:FX1_ParseCommand	24	static
FX1.c:764:9:FX1_SetFastMode	24	static
FX1.c:791:9:FX1_Enable	16	static
FX1.c:818:9:FX1_Disable	16	static
FX1.c:849:9:FX1_isEnabled	24	static
FX1.c:873:9:FX1_WhoAmI	16	static
FX1.c:892:9:FX1_GetTemperature	24	static
FX1.c:915:9:FX1_GetMagX	32	static
FX1.c:946:9:FX1_GetMagY	32	static
FX1.c:977:9:FX1_GetMagZ	32	static
FX1.c:1009:9:FX1_MagneticSensorReset	16	static
FX1.c:1033:9:FX1_ReadReg8	16	static
FX1.c:1054:9:FX1_WriteReg8	16	static
FX1.c:1070:9:FX1_SwReset	16	static
