GI2C1.c:102:6:GI2C1_RequestBus	8	static
GI2C1.c:118:6:GI2C1_ReleaseBus	8	static
GI2C1.c:138:9:GI2C1_SelectSlave	16	static
GI2C1.c:158:9:GI2C1_UnselectSlave	8	static
GI2C1.c:178:9:GI2C1_ReadBlock	24	static
GI2C1.c:213:9:GI2C1_WriteBlock	24	static
GI2C1.c:252:9:GI2C1_ReadAddress	32	static
GI2C1.c:302:9:GI2C1_WriteAddress	40	static
GI2C1.c:353:6:GI2C1_Init	8	static
GI2C1.c:371:6:GI2C1_Deinit	8	static
GI2C1.c:388:7:GI2C1_GetSemaphore	4	static
GI2C1.c:409:9:GI2C1_ReadByteAddress8	24	static
GI2C1.c:429:9:GI2C1_WriteByteAddress8	24	static
GI2C1.c:450:9:GI2C1_ReadWordAddress8	24	static
GI2C1.c:470:9:GI2C1_WriteWordAddress8	24	static
GI2C1.c:487:9:GI2C1_ScanDevice	24	static
GI2C1.c:531:9:GI2C1_ProbeACK	32	static
GI2C1.c:568:9:GI2C1_ReadByte	24	static
GI2C1.c:586:9:GI2C1_WriteByte	24	static
