I2C1.c:142:13:Delay	8	static
I2C1.c:157:13:Write	24	static
I2C1.c:196:16:Read	16	static
I2C1.c:234:13:GetAck	16	static
I2C1.c:261:6:I2C1_SendAck	24	static
I2C1.c:297:13:InternalStop	8	static
I2C1.c:319:6:I2C1_ResetBus	16	static
I2C1.c:384:9:I2C1_SendChar	24	static
I2C1.c:467:9:I2C1_RecvChar	24	static
I2C1.c:561:9:I2C1_SendBlock	40	static
I2C1.c:675:9:I2C1_SendBlockContinue	40	static
I2C1.c:735:9:I2C1_RecvBlockCustom	40	static
I2C1.c:835:9:I2C1_RecvBlock	32	static
I2C1.c:860:9:I2C1_SendStop	8	static
I2C1.c:899:9:I2C1_SelectSlave	16	static
I2C1.c:929:9:I2C1_GetSelected	16	static
I2C1.c:945:6:I2C1_Init	8	static
I2C1.c:961:6:I2C1_Deinit	8	static
