fsl_port.h:321:20:PORT_SetPinMux	24	static
fsl_gpio.h:175:20:GPIO_SetPinsOutput	16	static
fsl_gpio.h:186:20:GPIO_ClearPinsOutput	16	static
fsl_gpio.h:197:20:GPIO_TogglePinsOutput	16	static
fsl_gpio.h:215:24:GPIO_ReadPinInput	16	static
LEDpin2.c:153:6:LEDpin2_ClrVal	8	static
LEDpin2.c:171:6:LEDpin2_SetVal	8	static
LEDpin2.c:189:6:LEDpin2_NegVal	8	static
LEDpin2.c:210:6:LEDpin2_GetVal	8	static
LEDpin2.c:232:6:LEDpin2_GetDir	4	static
LEDpin2.c:248:6:LEDpin2_SetDir	16	static
LEDpin2.c:266:6:LEDpin2_SetInput	8	static
LEDpin2.c:285:6:LEDpin2_SetOutput	8	static
LEDpin2.c:307:6:LEDpin2_PutVal	16	static
LEDpin2.c:329:6:LEDpin2_Init	8	static
LEDpin2.c:355:6:LEDpin2_Deinit	4	static
