queue.c:279:12:xQueueGenericReset	24	static
queue.c:386:16:xQueueGenericCreate	48	static
queue.c:432:13:prvInitialiseNewQueue	24	static
queue.c:476:14:prvInitialiseMutex	16	static
queue.c:506:16:xQueueCreateMutex	32	static
queue.c:542:8:xQueueGetMutexHolder	24	static
queue.c:572:8:xQueueGetMutexHolderFromISR	24	static
queue.c:598:13:xQueueGiveMutexRecursive	32	static
queue.c:653:13:xQueueTakeMutexRecursive	32	static
queue.c:723:16:xQueueCreateCountingSemaphore	24	static
queue.c:749:12:xQueueGenericSend	56	static
queue.c:947:12:xQueueGenericSendFromISR	40	static
queue.c:1098:12:xQueueGiveFromISR	40	static
queue.c:1263:12:xQueueGenericReceive	64	static
queue.c:1460:12:xQueueReceiveFromISR	56	static
queue.c:1551:12:xQueuePeekFromISR	40	static
queue.c:1605:13:uxQueueMessagesWaiting	24	static
queue.c:1621:13:uxQueueSpacesAvailable	24	static
queue.c:1639:13:uxQueueMessagesWaitingFromISR	24	static
queue.c:1651:6:vQueueDelete	24	static
queue.c:1695:14:uxQueueGetQueueNumber	16	static
queue.c:1705:7:vQueueSetQueueNumber	16	static
queue.c:1715:10:ucQueueGetQueueType	16	static
queue.c:1723:19:prvCopyDataToQueue	32	static
queue.c:1802:13:prvCopyDataFromQueue	16	static
queue.c:1820:13:prvUnlockQueue	24	static
queue.c:1940:19:prvIsQueueEmpty	24	static
queue.c:1961:12:xQueueIsQueueEmptyFromISR	24	static
queue.c:1979:19:prvIsQueueFull	24	static
queue.c:2000:12:xQueueIsQueueFullFromISR	24	static
queue.c:2295:7:vQueueAddToRegistry	24	static
queue.c:2324:14:pcQueueGetName	24	static
queue.c:2352:7:vQueueUnregisterQueue	24	static
