SEGGER_SYSVIEW.c:356:12:_EncodeData	32	static
SEGGER_SYSVIEW.c:390:12:_EncodeStr	32	static
SEGGER_SYSVIEW.c:442:12:_PreparePacket	16	static
SEGGER_SYSVIEW.c:459:13:_HandleIncomingPacket	16	static
SEGGER_SYSVIEW.c:524:12:_TrySendOverflowPacket	56	static
SEGGER_SYSVIEW.c:626:13:_SendPacket	48	static
SEGGER_SYSVIEW.c:766:13:_APrintHost	64	static
SEGGER_SYSVIEW.c:793:13:_VPrintHost	96	static
SEGGER_SYSVIEW.c:824:13:_StoreChar	48	static
SEGGER_SYSVIEW.c:866:13:_PrintUnsigned	48	static
SEGGER_SYSVIEW.c:957:13:_PrintInt	40	static
SEGGER_SYSVIEW.c:1030:13:_VPrintTarget	104	static
SEGGER_SYSVIEW.c:1206:6:SEGGER_SYSVIEW_Init	32	static
SEGGER_SYSVIEW.c:1263:6:SEGGER_SYSVIEW_SetRAMBase	16	static
SEGGER_SYSVIEW.c:1277:6:SEGGER_SYSVIEW_RecordVoid	24	static
SEGGER_SYSVIEW.c:1297:6:SEGGER_SYSVIEW_RecordU32	40	static
SEGGER_SYSVIEW.c:1320:6:SEGGER_SYSVIEW_RecordU32x2	56	static
SEGGER_SYSVIEW.c:1345:6:SEGGER_SYSVIEW_RecordU32x3	64	static
SEGGER_SYSVIEW.c:1372:6:SEGGER_SYSVIEW_RecordU32x4	72	static
SEGGER_SYSVIEW.c:1401:6:SEGGER_SYSVIEW_RecordU32x5	80	static
SEGGER_SYSVIEW.c:1432:6:SEGGER_SYSVIEW_RecordU32x6	88	static
SEGGER_SYSVIEW.c:1465:6:SEGGER_SYSVIEW_RecordU32x7	96	static
SEGGER_SYSVIEW.c:1500:6:SEGGER_SYSVIEW_RecordU32x8	104	static
SEGGER_SYSVIEW.c:1537:6:SEGGER_SYSVIEW_RecordU32x9	112	static
SEGGER_SYSVIEW.c:1576:6:SEGGER_SYSVIEW_RecordU32x10	120	static
SEGGER_SYSVIEW.c:1611:6:SEGGER_SYSVIEW_RecordString	32	static
SEGGER_SYSVIEW.c:1640:6:SEGGER_SYSVIEW_Start	56	static
SEGGER_SYSVIEW.c:1686:6:SEGGER_SYSVIEW_Stop	16	static
SEGGER_SYSVIEW.c:1705:6:SEGGER_SYSVIEW_GetSysDesc	56	static
SEGGER_SYSVIEW.c:1733:6:SEGGER_SYSVIEW_SendTaskInfo	80	static
SEGGER_SYSVIEW.c:1760:6:SEGGER_SYSVIEW_SendTaskList	8	static
SEGGER_SYSVIEW.c:1785:6:SEGGER_SYSVIEW_SendSysDesc	32	static
SEGGER_SYSVIEW.c:1803:6:SEGGER_SYSVIEW_RecordSystime	24	static
SEGGER_SYSVIEW.c:1827:6:SEGGER_SYSVIEW_RecordEnterISR	32	static
SEGGER_SYSVIEW.c:1854:6:SEGGER_SYSVIEW_RecordExitISR	16	static
SEGGER_SYSVIEW.c:1876:6:SEGGER_SYSVIEW_RecordExitISRToScheduler	16	static
SEGGER_SYSVIEW.c:1894:6:SEGGER_SYSVIEW_RecordEnterTimer	40	static
SEGGER_SYSVIEW.c:1912:6:SEGGER_SYSVIEW_RecordExitTimer	16	static
SEGGER_SYSVIEW.c:1930:6:SEGGER_SYSVIEW_RecordEndCall	40	static
SEGGER_SYSVIEW.c:1952:6:SEGGER_SYSVIEW_RecordEndCallU32	48	static
SEGGER_SYSVIEW.c:1971:6:SEGGER_SYSVIEW_OnIdle	16	static
SEGGER_SYSVIEW.c:1990:6:SEGGER_SYSVIEW_OnTaskCreate	40	static
SEGGER_SYSVIEW.c:2015:6:SEGGER_SYSVIEW_OnTaskTerminate	40	static
SEGGER_SYSVIEW.c:2039:6:SEGGER_SYSVIEW_OnTaskStartExec	40	static
SEGGER_SYSVIEW.c:2059:6:SEGGER_SYSVIEW_OnTaskStopExec	16	static
SEGGER_SYSVIEW.c:2077:6:SEGGER_SYSVIEW_OnTaskStartReady	40	static
SEGGER_SYSVIEW.c:2100:6:SEGGER_SYSVIEW_OnTaskStopReady	48	static
SEGGER_SYSVIEW.c:2123:6:SEGGER_SYSVIEW_OnUserStart	40	static
SEGGER_SYSVIEW.c:2144:6:SEGGER_SYSVIEW_OnUserStop	40	static
SEGGER_SYSVIEW.c:2166:6:SEGGER_SYSVIEW_NameResource	40	static
SEGGER_SYSVIEW.c:2195:5:SEGGER_SYSVIEW_SendPacket	32	static
SEGGER_SYSVIEW.c:2222:5:SEGGER_SYSVIEW_EncodeU32	24	static
SEGGER_SYSVIEW.c:2249:5:SEGGER_SYSVIEW_EncodeString	24	static
SEGGER_SYSVIEW.c:2275:5:SEGGER_SYSVIEW_EncodeData	24	static
SEGGER_SYSVIEW.c:2303:5:SEGGER_SYSVIEW_EncodeId	24	static
SEGGER_SYSVIEW.c:2331:5:SEGGER_SYSVIEW_ShrinkId	16	static
SEGGER_SYSVIEW.c:2353:6:SEGGER_SYSVIEW_RegisterModule	24	static
SEGGER_SYSVIEW.c:2394:6:SEGGER_SYSVIEW_RecordModuleDescription	56	static
SEGGER_SYSVIEW.c:2435:6:SEGGER_SYSVIEW_SendModule	56	static
SEGGER_SYSVIEW.c:2474:6:SEGGER_SYSVIEW_SendModuleDescription	16	static
SEGGER_SYSVIEW.c:2495:6:SEGGER_SYSVIEW_SendNumModules	32	static
SEGGER_SYSVIEW.c:2522:6:SEGGER_SYSVIEW_PrintfHostEx	28	static
SEGGER_SYSVIEW.c:2543:6:SEGGER_SYSVIEW_PrintfHost	16	static
SEGGER_SYSVIEW.c:2565:6:SEGGER_SYSVIEW_WarnfHost	16	static
SEGGER_SYSVIEW.c:2587:6:SEGGER_SYSVIEW_ErrorfHost	16	static
SEGGER_SYSVIEW.c:2607:6:SEGGER_SYSVIEW_PrintfTargetEx	28	static
SEGGER_SYSVIEW.c:2626:6:SEGGER_SYSVIEW_PrintfTarget	16	static
SEGGER_SYSVIEW.c:2645:6:SEGGER_SYSVIEW_WarnfTarget	16	static
SEGGER_SYSVIEW.c:2664:6:SEGGER_SYSVIEW_ErrorfTarget	16	static
SEGGER_SYSVIEW.c:2683:6:SEGGER_SYSVIEW_Print	48	static
SEGGER_SYSVIEW.c:2705:6:SEGGER_SYSVIEW_Warn	48	static
SEGGER_SYSVIEW.c:2727:6:SEGGER_SYSVIEW_Error	48	static
SEGGER_SYSVIEW.c:2749:6:SEGGER_SYSVIEW_EnableEvents	16	static
SEGGER_SYSVIEW.c:2763:6:SEGGER_SYSVIEW_DisableEvents	16	static
