tasks.c:786:13:xTaskCreate	56	static
tasks.c:877:13:prvInitialiseNewTask	32	static
tasks.c:1081:13:prvAddNewTaskToReadyList	32	static
tasks.c:1258:7:vTaskDelayUntil	32	static
tasks.c:1342:7:vTaskDelay	24	static
tasks.c:1387:13:eTaskGetState	32	static
tasks.c:1458:14:uxTaskPriorityGet	24	static
tasks.c:1480:14:uxTaskPriorityGetFromISR	32	static
tasks.c:1520:7:vTaskPrioritySet	48	static
tasks.c:1688:7:vTaskSuspend	24	static
tasks.c:1778:20:prvTaskIsTaskSuspended	24	static
tasks.c:1824:7:vTaskResume	24	static
tasks.c:1878:13:xTaskResumeFromISR	32	static
tasks.c:1948:6:vTaskStartScheduler	24	static
tasks.c:2080:6:vTaskSuspendAll	4	static
tasks.c:2153:12:xTaskResumeAll	24	static
tasks.c:2263:12:xTaskGetTickCount	16	static
tasks.c:2278:12:xTaskGetTickCountFromISR	16	static
tasks.c:2309:13:uxTaskGetNumberOfTasks	4	static
tasks.c:2317:7:pcTaskGetName	24	static
tasks.c:2331:16:prvSearchForNameWithinSingleList	48	static
tasks.c:2392:15:xTaskGetHandle	24	static
tasks.c:2457:14:uxTaskGetSystemState	32	static
tasks.c:2531:15:xTaskGetIdleTaskHandle	4	static
tasks.c:2635:12:xTaskIncrementTick	32	static
tasks.c:2912:6:vTaskSwitchContext	24	static
tasks.c:2971:6:vTaskPlaceOnEventList	16	static
tasks.c:2988:6:vTaskPlaceOnUnorderedEventList	24	static
tasks.c:3045:12:xTaskRemoveFromEventList	24	static
tasks.c:3113:6:vTaskRemoveFromUnorderedEventList	24	static
tasks.c:3147:6:vTaskSetTimeOutState	16	static
tasks.c:3155:12:xTaskCheckForTimeOut	24	static
tasks.c:3216:6:vTaskMissedYield	4	static
tasks.c:3224:14:uxTaskGetTaskNumber	24	static
tasks.c:3247:7:vTaskSetTaskNumber	24	static
tasks.c:3271:8:prvIdleTask	16	static
tasks.c:3477:13:prvInitialiseTaskLists	16	static
tasks.c:3509:13:prvCheckTasksWaitingTermination	4	static
tasks.c:3555:7:vTaskGetInfo	32	static
tasks.c:3644:21:prvListTasksWithinSingleList	48	static
tasks.c:3677:18:prvTaskCheckFreeStackSpace	24	static
tasks.c:3697:14:uxTaskGetStackHighWaterMark	32	static
tasks.c:3723:11:pxTaskGetStackStart	24	static
tasks.c:3789:13:prvResetNextTaskUnblockTime	16	static
tasks.c:3815:15:xTaskGetCurrentTaskHandle	16	static
tasks.c:3832:13:xTaskGetSchedulerState	16	static
tasks.c:3860:7:vTaskPriorityInherit	24	static
tasks.c:3930:13:xTaskPriorityDisinherit	24	static
tasks.c:4105:7:vTaskList	40	static
tasks.c:4213:7:vTaskGetRunTimeStats	48	static
tasks.c:4356:12:uxTaskResetEventItemValue	16	static
tasks.c:4372:8:pvTaskIncrementMutexHeldCount	4	static
tasks.c:4389:11:ulTaskNotifyTake	24	static
tasks.c:4457:13:xTaskNotifyWait	40	static
tasks.c:4537:13:xTaskGenericNotify	48	static
tasks.c:4643:13:xTaskGenericNotifyFromISR	48	static
tasks.c:4767:7:vTaskNotifyGiveFromISR	32	static
tasks.c:4856:13:xTaskNotifyStateClear	24	static
tasks.c:4886:13:prvAddCurrentTaskToDelayedList	24	static
tasks.c:5025:13:prvCollectTaskHandlesWithinSingleList	40	static
tasks.c:5048:13:xGetTaskHandles	24	static
tasks.c:5082:6:vTaskGetStackInfo	32	static
