TmDt1.c:127:16:AddDateToBuf	32	static
TmDt1.c:136:16:AddTimeToBuf	32	static
TmDt1.c:152:16:AddDate	32	static
TmDt1.c:161:16:AddTime	32	static
TmDt1.c:170:16:DateCmd	64	static
TmDt1.c:209:16:TimeCmd	72	static
TmDt1.c:246:16:PrintStatus	40	static
TmDt1.c:315:6:TmDt1_AddTick	16	static
TmDt1.c:363:6:TmDt1_AddTicks	16	static
TmDt1.c:393:9:TmDt1_SetSWTimeDate	32	static
TmDt1.c:444:9:TmDt1_GetSWTimeDate	32	static
TmDt1.c:495:9:TmDt1_SetTime	32	static
TmDt1.c:554:9:TmDt1_GetTime	24	static
TmDt1.c:593:9:TmDt1_SetDate	32	static
TmDt1.c:649:9:TmDt1_GetDate	24	static
TmDt1.c:679:9:TmDt1_Init	8	static
TmDt1.c:708:9:TmDt1_ParseCommand	80	static
TmDt1.c:789:6:TmDt1_DeInit	4	static
TmDt1.c:808:9:TmDt1_TicksToTime	16	static
TmDt1.c:835:9:TmDt1_TimeToTicks	24	static
TmDt1.c:869:9:TmDt1_SetInternalRTCTimeDate	16	static
TmDt1.c:927:9:TmDt1_GetInternalRTCTimeDate	16	static
TmDt1.c:989:9:TmDt1_CalculateDayOfWeek	48	static
TmDt1.c:1018:9:TmDt1_SyncSWtimeToInternalRTCsec	16	static
TmDt1.c:1053:9:TmDt1_SyncWithInternalRTC	4	static
TmDt1.c:1101:9:TmDt1_SyncWithExternalRTC	4	static
TmDt1.c:1145:9:TmDt1_SetExternalRTCTimeDate	16	static
TmDt1.c:1192:9:TmDt1_GetExternalRTCTimeDate	16	static
TmDt1.c:1234:9:TmDt1_SetTimeDate	24	static
TmDt1.c:1278:9:TmDt1_GetTimeDate	24	static
TmDt1.c:1316:6:TmDt1_UnixSecondsToTimeDateCustom	64	static
TmDt1.c:1405:9:TmDt1_TimeDateToUnixSecondsCustom	56	static
TmDt1.c:1459:6:TmDt1_UnixSecondsToTimeDate	32	static
TmDt1.c:1484:9:TmDt1_TimeDateToUnixSeconds	24	static
TmDt1.c:1506:9:TmDt1_AddDateString	32	static
TmDt1.c:1535:9:TmDt1_AddTimeString	32	static
