trcStreamingRecorder.c:297:6:vTraceInstanceFinishedNow	8	static
trcStreamingRecorder.c:313:6:vTraceInstanceFinishedNext	8	static
trcStreamingRecorder.c:323:13:xTraceRegisterString	16	static
trcStreamingRecorder.c:341:6:vTraceStoreKernelObjectName	16	static
trcStreamingRecorder.c:360:6:vTraceSetFrequency	16	static
trcStreamingRecorder.c:390:6:vTracePrint	16	static
trcStreamingRecorder.c:441:6:vTracePrintF	44	static
trcStreamingRecorder.c:495:13:xTraceSetISRProperties	24	static
trcStreamingRecorder.c:528:6:vTraceStoreISRBegin	40	static
trcStreamingRecorder.c:576:6:vTraceStoreISREnd	40	static
trcStreamingRecorder.c:619:13:xTraceGetLastError	4	static
trcStreamingRecorder.c:661:6:vTraceClearError	4	static
trcStreamingRecorder.c:675:6:vTraceStop	8	static
trcStreamingRecorder.c:701:13:prvSetRecorderEnabled	48	static
trcStreamingRecorder.c:743:13:prvTraceStoreSymbolTable	64	static
trcStreamingRecorder.c:770:13:prvTraceStoreObjectDataTable	48	static
trcStreamingRecorder.c:797:13:prvTraceStoreHeader	48	static
trcStreamingRecorder.c:825:13:prvTraceStoreWarnings	24	static
trcStreamingRecorder.c:886:6:prvTraceStoreEvent0	48	static
trcStreamingRecorder.c:913:6:prvTraceStoreEvent1	48	static
trcStreamingRecorder.c:941:6:prvTraceStoreEvent2	64	static
trcStreamingRecorder.c:970:6:prvTraceStoreEvent3	64	static
trcStreamingRecorder.c:1003:6:prvTraceStoreEvent	124	static
trcStreamingRecorder.c:1043:6:prvTraceStoreStringEvent	32	static
trcStreamingRecorder.c:1053:13:prvTraceStoreStringEventHelper	152	static
trcStreamingRecorder.c:1148:13:prvTraceStoreSimpleStringEventHelper	144	static
trcStreamingRecorder.c:1239:6:prvTraceSaveSymbol	48	static
trcStreamingRecorder.c:1305:6:prvTraceDeleteSymbol	48	static
trcStreamingRecorder.c:1349:6:prvTraceSaveObjectData	48	static
trcStreamingRecorder.c:1393:6:prvTraceDeleteObjectData	48	static
trcStreamingRecorder.c:1437:5:prvIsValidCommand	24	static
trcStreamingRecorder.c:1459:6:prvProcessCommand	16	static
trcStreamingRecorder.c:1472:6:prvTraceError	16	static
trcStreamingRecorder.c:1488:6:prvTraceInitCortexM	8	static
trcStreamingRecorder.c:1544:17:prvGetTimestamp32	4	static
trcStreamingRecorder.c:1561:13:prvTraceStoreTSConfig	16	static
trcStreamingRecorder.c:1591:12:prvAllocateBufferPage	24	static
trcStreamingRecorder.c:1612:13:prvPageReadComplete	32	static
trcStreamingRecorder.c:1627:12:prvGetBufferPage	24	static
trcStreamingRecorder.c:1678:9:prvPagedEventBufferTransfer	32	static
trcStreamingRecorder.c:1729:7:prvPagedEventBufferGetWritePointer	24	static
trcStreamingRecorder.c:1787:6:prvPagedEventBufferInit	40	static
