UTIL1.c:158:6:UTIL1_strcpy	24	static
UTIL1.c:191:6:UTIL1_strcat	24	static
UTIL1.c:223:6:UTIL1_chcat	24	static
UTIL1.c:259:6:UTIL1_Num8uToStr	24	static
UTIL1.c:284:6:UTIL1_Num8sToStr	24	static
UTIL1.c:309:6:UTIL1_Num16uToStr	40	static
UTIL1.c:353:6:UTIL1_Num16sToStr	40	static
UTIL1.c:398:13:ShiftRightAndFill	24	static
UTIL1.c:450:6:UTIL1_Num16sToStrFormatted	24	static
UTIL1.c:483:6:UTIL1_Num16uToStrFormatted	24	static
UTIL1.c:516:6:UTIL1_Num32uToStrFormatted	24	static
UTIL1.c:549:6:UTIL1_Num32sToStrFormatted	24	static
UTIL1.c:577:6:UTIL1_strcatNum8u	32	static
UTIL1.c:607:6:UTIL1_strcatNum8s	32	static
UTIL1.c:637:6:UTIL1_strcatNum16u	32	static
UTIL1.c:667:6:UTIL1_strcatNum16s	32	static
UTIL1.c:703:6:UTIL1_strcatNum16uFormatted	40	static
UTIL1.c:739:6:UTIL1_strcatNum16sFormatted	40	static
UTIL1.c:775:6:UTIL1_strcatNum32uFormatted	48	static
UTIL1.c:811:6:UTIL1_strcatNum32sFormatted	48	static
UTIL1.c:840:6:UTIL1_strcatNum8Hex	32	static
UTIL1.c:874:6:UTIL1_strcatNum16Hex	32	static
UTIL1.c:912:6:UTIL1_strcatNum24Hex	40	static
UTIL1.c:950:6:UTIL1_strcatNum32Hex	40	static
UTIL1.c:989:6:UTIL1_strcatNum32s	40	static
UTIL1.c:1019:6:UTIL1_strcatNum32u	40	static
UTIL1.c:1047:6:UTIL1_Num32sToStr	40	static
UTIL1.c:1102:6:UTIL1_Num32uToStr	40	static
UTIL1.c:1138:6:UTIL1_IsLeapYear	16	static
UTIL1.c:1159:9:UTIL1_WeekDay	24	static
UTIL1.c:1208:9:UTIL1_ReadEscapedName	40	static
UTIL1.c:1298:9:UTIL1_xatoi	24	static
UTIL1.c:1385:9:UTIL1_ScanDate	32	static
UTIL1.c:1446:9:UTIL1_ScanTime	32	static
UTIL1.c:1518:9:UTIL1_ScanDecimal8uNumber	24	static
UTIL1.c:1558:9:UTIL1_ScanDecimal8sNumber	32	static
UTIL1.c:1603:9:UTIL1_ScanDecimal16uNumber	24	static
UTIL1.c:1643:9:UTIL1_ScanDecimal16sNumber	32	static
UTIL1.c:1688:9:UTIL1_ScanDecimal32uNumber	24	static
UTIL1.c:1728:9:UTIL1_ScanDecimal32sNumber	32	static
UTIL1.c:1782:9:UTIL1_ScanDecimal32sDotNumber	32	static
UTIL1.c:1874:13:isHexCharacter	16	static
UTIL1.c:1879:16:PreScanHexNumber	24	static
UTIL1.c:1897:16:HexToDec	24	static
UTIL1.c:1931:9:UTIL1_ScanHex32uNumber	32	static
UTIL1.c:1967:9:UTIL1_ScanHex16uNumber	32	static
UTIL1.c:2003:9:UTIL1_ScanHex8uNumber	32	static
UTIL1.c:2039:9:UTIL1_ScanHex8uNumberNoPrefix	32	static
UTIL1.c:2076:9:UTIL1_strtailcmp	24	static
UTIL1.c:2112:9:UTIL1_strCutTail	24	static
UTIL1.c:2143:6:UTIL1_strcatNum32sDotValue100	32	static
UTIL1.c:2172:9:UTIL1_strFind	24	static
UTIL1.c:2204:9:UTIL1_ScanSeparatedNumbers	40	static
UTIL1.c:2254:9:UTIL1_ScanDoubleQuotedString	32	static
UTIL1.c:2300:6:UTIL1_strcatPad	32	static
UTIL1.c:2344:6:UTIL1_NumFloatToStr	56	static
UTIL1.c:2391:6:UTIL1_strcatNumFloat	56	static
UTIL1.c:2411:10:UTIL1_GetValue16LE	16	static
UTIL1.c:2428:10:UTIL1_GetValue24LE	16	static
UTIL1.c:2445:10:UTIL1_GetValue32LE	16	static
UTIL1.c:2462:6:UTIL1_SetValue16LE	16	static
UTIL1.c:2480:6:UTIL1_SetValue24LE	16	static
UTIL1.c:2499:6:UTIL1_SetValue32LE	16	static
UTIL1.c:2516:6:UTIL1_Deinit	4	static
UTIL1.c:2530:6:UTIL1_Init	4	static
UTIL1.c:2551:9:UTIL1_map	24	static
UTIL1.c:2578:9:UTIL1_constrain	24	static
UTIL1.c:2602:9:UTIL1_random	24	static
UTIL1.c:2622:6:UTIL1_randomSetSeed	16	static
UTIL1.c:2644:9:UTIL1_map64	120	static
